Component: ARM Compiler 5.06 update 6 (build 750) Tool: armlink [4d35ed]

==============================================================================

Section Cross References

    startup_stm32f401xc.o(RESET) refers to startup_stm32f401xc.o(STACK) for __initial_sp
    startup_stm32f401xc.o(RESET) refers to startup_stm32f401xc.o(.text) for Reset_Handler
    startup_stm32f401xc.o(RESET) refers to stm32f4xx_it.o(i.NMI_Handler) for NMI_Handler
    startup_stm32f401xc.o(RESET) refers to stm32f4xx_it.o(i.HardFault_Handler) for HardFault_Handler
    startup_stm32f401xc.o(RESET) refers to stm32f4xx_it.o(i.MemManage_Handler) for MemManage_Handler
    startup_stm32f401xc.o(RESET) refers to stm32f4xx_it.o(i.BusFault_Handler) for BusFault_Handler
    startup_stm32f401xc.o(RESET) refers to stm32f4xx_it.o(i.UsageFault_Handler) for UsageFault_Handler
    startup_stm32f401xc.o(RESET) refers to port.o(.emb_text) for SVC_Handler
    startup_stm32f401xc.o(RESET) refers to stm32f4xx_it.o(i.DebugMon_Handler) for DebugMon_Handler
    startup_stm32f401xc.o(RESET) refers to port.o(i.SysTick_Handler) for SysTick_Handler
    startup_stm32f401xc.o(RESET) refers to stm32f4xx_it.o(i.DMA1_Stream0_IRQHandler) for DMA1_Stream0_IRQHandler
    startup_stm32f401xc.o(RESET) refers to stm32f4xx_it.o(i.DMA1_Stream6_IRQHandler) for DMA1_Stream6_IRQHandler
    startup_stm32f401xc.o(RESET) refers to stm32f4xx_it.o(i.TIM1_UP_TIM10_IRQHandler) for TIM1_UP_TIM10_IRQHandler
    startup_stm32f401xc.o(RESET) refers to stm32f4xx_it.o(i.DMA2_Stream1_IRQHandler) for DMA2_Stream1_IRQHandler
    startup_stm32f401xc.o(RESET) refers to stm32f4xx_it.o(i.DMA2_Stream2_IRQHandler) for DMA2_Stream2_IRQHandler
    startup_stm32f401xc.o(RESET) refers to stm32f4xx_it.o(i.DMA2_Stream6_IRQHandler) for DMA2_Stream6_IRQHandler
    startup_stm32f401xc.o(RESET) refers to stm32f4xx_it.o(i.DMA2_Stream7_IRQHandler) for DMA2_Stream7_IRQHandler
    startup_stm32f401xc.o(.text) refers to system_stm32f4xx.o(i.SystemInit) for SystemInit
    startup_stm32f401xc.o(.text) refers to entry.o(.ARM.Collect$$$$00000000) for __main
    queue.o(i.prvCopyDataFromQueue) refers to memcpya.o(.text) for __aeabi_memcpy
    queue.o(i.prvCopyDataToQueue) refers to memcpya.o(.text) for __aeabi_memcpy
    queue.o(i.prvInitialiseNewQueue) refers to queue.o(i.xQueueGenericReset) for xQueueGenericReset
    queue.o(i.prvIsQueueEmpty) refers to port.o(i.vPortEnterCritical) for vPortEnterCritical
    queue.o(i.prvIsQueueEmpty) refers to port.o(i.vPortExitCritical) for vPortExitCritical
    queue.o(i.prvIsQueueFull) refers to port.o(i.vPortEnterCritical) for vPortEnterCritical
    queue.o(i.prvIsQueueFull) refers to port.o(i.vPortExitCritical) for vPortExitCritical
    queue.o(i.prvUnlockQueue) refers to port.o(i.vPortEnterCritical) for vPortEnterCritical
    queue.o(i.prvUnlockQueue) refers to tasks.o(i.xTaskRemoveFromEventList) for xTaskRemoveFromEventList
    queue.o(i.prvUnlockQueue) refers to tasks.o(i.vTaskMissedYield) for vTaskMissedYield
    queue.o(i.prvUnlockQueue) refers to port.o(i.vPortExitCritical) for vPortExitCritical
    queue.o(i.uxQueueMessagesWaiting) refers to port.o(i.vPortEnterCritical) for vPortEnterCritical
    queue.o(i.uxQueueMessagesWaiting) refers to port.o(i.vPortExitCritical) for vPortExitCritical
    queue.o(i.uxQueueSpacesAvailable) refers to port.o(i.vPortEnterCritical) for vPortEnterCritical
    queue.o(i.uxQueueSpacesAvailable) refers to port.o(i.vPortExitCritical) for vPortExitCritical
    queue.o(i.vQueueDelete) refers to heap_2.o(i.vPortFree) for vPortFree
    queue.o(i.xQueueGenericCreate) refers to heap_2.o(i.pvPortMalloc) for pvPortMalloc
    queue.o(i.xQueueGenericCreate) refers to queue.o(i.prvInitialiseNewQueue) for prvInitialiseNewQueue
    queue.o(i.xQueueGenericReset) refers to port.o(i.vPortEnterCritical) for vPortEnterCritical
    queue.o(i.xQueueGenericReset) refers to tasks.o(i.xTaskRemoveFromEventList) for xTaskRemoveFromEventList
    queue.o(i.xQueueGenericReset) refers to list.o(i.vListInitialise) for vListInitialise
    queue.o(i.xQueueGenericReset) refers to port.o(i.vPortExitCritical) for vPortExitCritical
    queue.o(i.xQueueGenericSend) refers to port.o(i.vPortEnterCritical) for vPortEnterCritical
    queue.o(i.xQueueGenericSend) refers to queue.o(i.prvCopyDataToQueue) for prvCopyDataToQueue
    queue.o(i.xQueueGenericSend) refers to tasks.o(i.xTaskRemoveFromEventList) for xTaskRemoveFromEventList
    queue.o(i.xQueueGenericSend) refers to port.o(i.vPortExitCritical) for vPortExitCritical
    queue.o(i.xQueueGenericSend) refers to tasks.o(i.vTaskInternalSetTimeOutState) for vTaskInternalSetTimeOutState
    queue.o(i.xQueueGenericSend) refers to tasks.o(i.vTaskSuspendAll) for vTaskSuspendAll
    queue.o(i.xQueueGenericSend) refers to tasks.o(i.xTaskCheckForTimeOut) for xTaskCheckForTimeOut
    queue.o(i.xQueueGenericSend) refers to queue.o(i.prvIsQueueFull) for prvIsQueueFull
[...]
    Removing stm32f4xx_hal_cortex.o(i.HAL_NVIC_GetPendingIRQ), (40 bytes).
    Removing stm32f4xx_hal_cortex.o(i.HAL_NVIC_GetPriority), (148 bytes).
    Removing stm32f4xx_hal_cortex.o(i.HAL_NVIC_GetPriorityGrouping), (8 bytes).
    Removing stm32f4xx_hal_cortex.o(i.HAL_NVIC_SetPendingIRQ), (28 bytes).
    Removing stm32f4xx_hal_cortex.o(i.HAL_NVIC_SystemReset), (68 bytes).
    Removing stm32f4xx_hal_cortex.o(i.HAL_SYSTICK_CLKSourceConfig), (40 bytes).
    Removing stm32f4xx_hal_cortex.o(i.HAL_SYSTICK_Config), (52 bytes).
    Removing stm32f4xx_hal.o(.rev16_text), (4 bytes).
    Removing stm32f4xx_hal.o(.revsh_text), (4 bytes).
    Removing stm32f4xx_hal.o(.rrx_text), (6 bytes).
    Removing stm32f4xx_hal.o(i.HAL_DBGMCU_DisableDBGSleepMode), (20 bytes).
    Removing stm32f4xx_hal.o(i.HAL_DBGMCU_DisableDBGStandbyMode), (20 bytes).
    Removing stm32f4xx_hal.o(i.HAL_DBGMCU_DisableDBGStopMode), (20 bytes).
    Removing stm32f4xx_hal.o(i.HAL_DBGMCU_EnableDBGSleepMode), (20 bytes).
    Removing stm32f4xx_hal.o(i.HAL_DBGMCU_EnableDBGStandbyMode), (20 bytes).
    Removing stm32f4xx_hal.o(i.HAL_DBGMCU_EnableDBGStopMode), (20 bytes).
    Removing stm32f4xx_hal.o(i.HAL_DeInit), (68 bytes).
    Removing stm32f4xx_hal.o(i.HAL_Delay), (40 bytes).
    Removing stm32f4xx_hal.o(i.HAL_DisableCompensationCell), (12 bytes).
    Removing stm32f4xx_hal.o(i.HAL_EnableCompensationCell), (12 bytes).
    Removing stm32f4xx_hal.o(i.HAL_GetDEVID), (16 bytes).
    Removing stm32f4xx_hal.o(i.HAL_GetHalVersion), (8 bytes).
    Removing stm32f4xx_hal.o(i.HAL_GetREVID), (12 bytes).
    Removing stm32f4xx_hal.o(i.HAL_GetTickFreq), (12 bytes).
    Removing stm32f4xx_hal.o(i.HAL_GetTickPrio), (12 bytes).
    Removing stm32f4xx_hal.o(i.HAL_GetUID), (28 bytes).
    Removing stm32f4xx_hal.o(i.HAL_InitTick), (76 bytes).
    Removing stm32f4xx_hal.o(i.HAL_MspDeInit), (2 bytes).
    Removing stm32f4xx_hal.o(i.HAL_MspInit), (2 bytes).
    Removing stm32f4xx_hal.o(i.HAL_ResumeTick), (18 bytes).
    Removing stm32f4xx_hal.o(i.HAL_SetTickFreq), (40 bytes).
    Removing stm32f4xx_hal.o(i.HAL_SuspendTick), (18 bytes).
    Removing stm32f4xx_hal_uart.o(.rev16_text), (4 bytes).
    Removing stm32f4xx_hal_uart.o(.revsh_text), (4 bytes).
    Removing stm32f4xx_hal_uart.o(.rrx_text), (6 bytes).
    Removing stm32f4xx_hal_uart.o(i.HAL_HalfDuplex_EnableReceiver), (68 bytes).
    Removing stm32f4xx_hal_uart.o(i.HAL_HalfDuplex_EnableTransmitter), (68 bytes).
    Removing stm32f4xx_hal_uart.o(i.HAL_HalfDuplex_Init), (118 bytes).
    Removing stm32f4xx_hal_uart.o(i.HAL_LIN_Init), (142 bytes).
    Removing stm32f4xx_hal_uart.o(i.HAL_LIN_SendBreak), (62 bytes).
    Removing stm32f4xx_hal_uart.o(i.HAL_MultiProcessor_EnterMuteMode), (62 bytes).
    Removing stm32f4xx_hal_uart.o(i.HAL_MultiProcessor_ExitMuteMode), (62 bytes).
    Removing stm32f4xx_hal_uart.o(i.HAL_MultiProcessor_Init), (154 bytes).
    Removing stm32f4xx_hal_uart.o(i.HAL_UART_Abort), (126 bytes).
    Removing stm32f4xx_hal_uart.o(i.HAL_UART_AbortCpltCallback), (2 bytes).
    Removing stm32f4xx_hal_uart.o(i.HAL_UART_AbortReceive), (80 bytes).
    Removing stm32f4xx_hal_uart.o(i.HAL_UART_AbortReceiveCpltCallback), (2 bytes).
    Removing stm32f4xx_hal_uart.o(i.HAL_UART_AbortReceive_IT), (120 bytes).
    Removing stm32f4xx_hal_uart.o(i.HAL_UART_AbortTransmit), (68 bytes).
    Removing stm32f4xx_hal_uart.o(i.HAL_UART_AbortTransmitCpltCallback), (2 bytes).
    Removing stm32f4xx_hal_uart.o(i.HAL_UART_AbortTransmit_IT), (108 bytes).
    Removing stm32f4xx_hal_uart.o(i.HAL_UART_Abort_IT), (216 bytes).
    Removing stm32f4xx_hal_uart.o(i.HAL_UART_DMAPause), (124 bytes).
    Removing stm32f4xx_hal_uart.o(i.HAL_UART_DMAResume), (126 bytes).
    Removing stm32f4xx_hal_uart.o(i.HAL_UART_DMAStop), (102 bytes).
    Removing stm32f4xx_hal_uart.o(i.HAL_UART_DeInit), (46 bytes).
    Removing stm32f4xx_hal_uart.o(i.HAL_UART_ErrorCallback), (2 bytes).
    Removing stm32f4xx_hal_uart.o(i.HAL_UART_GetError), (6 bytes).
    Removing stm32f4xx_hal_uart.o(i.HAL_UART_GetState), (20 bytes).
    Removing stm32f4xx_hal_uart.o(i.HAL_UART_IRQHandler), (332 bytes).
    Removing stm32f4xx_hal_uart.o(i.HAL_UART_MspDeInit), (2 bytes).
    Removing stm32f4xx_hal_uart.o(i.HAL_UART_MspInit), (2 bytes).
    Removing stm32f4xx_hal_uart.o(i.HAL_UART_Receive), (222 bytes).
    Removing stm32f4xx_hal_uart.o(i.HAL_UART_Receive_DMA), (196 bytes).
    Removing stm32f4xx_hal_uart.o(i.HAL_UART_Receive_IT), (100 bytes).
    Removing stm32f4xx_hal_uart.o(i.HAL_UART_RxCpltCallback), (2 bytes).
    Removing stm32f4xx_hal_uart.o(i.HAL_UART_RxHalfCpltCallback), (2 bytes).
    Removing stm32f4xx_hal_uart.o(i.HAL_UART_Transmit_DMA), (156 bytes).
    Removing stm32f4xx_hal_uart.o(i.HAL_UART_Transmit_IT), (88 bytes).
    Removing stm32f4xx_hal_uart.o(i.HAL_UART_TxCpltCallback), (2 bytes).
    Removing stm32f4xx_hal_uart.o(i.HAL_UART_TxHalfCpltCallback), (2 bytes).
    Removing stm32f4xx_hal_uart.o(i.UART_DMAAbortOnError), (20 bytes).
    Removing stm32f4xx_hal_uart.o(i.UART_DMAError), (80 bytes).
    Removing stm32f4xx_hal_uart.o(i.UART_DMAReceiveCplt), (70 bytes).
    Removing stm32f4xx_hal_uart.o(i.UART_DMARxAbortCallback), (52 bytes).
    Removing stm32f4xx_hal_uart.o(i.UART_DMARxHalfCplt), (14 bytes).
    Removing stm32f4xx_hal_uart.o(i.UART_DMARxOnlyAbortCallback), (24 bytes).
    Removing stm32f4xx_hal_uart.o(i.UART_DMATransmitCplt), (54 bytes).
    Removing stm32f4xx_hal_uart.o(i.UART_DMATxAbortCallback), (52 bytes).
    Removing stm32f4xx_hal_uart.o(i.UART_DMATxHalfCplt), (14 bytes).
    Removing stm32f4xx_hal_uart.o(i.UART_DMATxOnlyAbortCallback), (24 bytes).
    Removing stm32f4xx_hal_uart.o(i.UART_EndRxTransfer), (32 bytes).
    Removing stm32f4xx_hal_uart.o(i.UART_EndTransmit_IT), (32 bytes).
    Removing stm32f4xx_hal_uart.o(i.UART_EndTxTransfer), (20 bytes).
    Removing stm32f4xx_hal_uart.o(i.UART_Receive_IT), (154 bytes).
    Removing stm32f4xx_hal_uart.o(i.UART_Transmit_IT), (104 bytes).
    Removing stm32f4xx_hal_i2c.o(.rev16_text), (4 bytes).
    Removing stm32f4xx_hal_i2c.o(.revsh_text), (4 bytes).
    Removing stm32f4xx_hal_i2c.o(.rrx_text), (6 bytes).
    Removing stm32f4xx_hal_i2c.o(i.HAL_I2C_AbortCpltCallback), (2 bytes).
    Removing stm32f4xx_hal_i2c.o(i.HAL_I2C_AddrCallback), (2 bytes).
    Removing stm32f4xx_hal_i2c.o(i.HAL_I2C_DeInit), (60 bytes).
    Removing stm32f4xx_hal_i2c.o(i.HAL_I2C_DisableListen_IT), (70 bytes).
    Removing stm32f4xx_hal_i2c.o(i.HAL_I2C_ER_IRQHandler), (228 bytes).
    Removing stm32f4xx_hal_i2c.o(i.HAL_I2C_EV_IRQHandler), (376 bytes).
    Removing stm32f4xx_hal_i2c.o(i.HAL_I2C_EnableListen_IT), (70 bytes).
    Removing stm32f4xx_hal_i2c.o(i.HAL_I2C_ErrorCallback), (2 bytes).
    Removing stm32f4xx_hal_i2c.o(i.HAL_I2C_GetError), (6 bytes).
    Removing stm32f4xx_hal_i2c.o(i.HAL_I2C_GetMode), (8 bytes).
    Removing stm32f4xx_hal_i2c.o(i.HAL_I2C_GetState), (8 bytes).
    Removing stm32f4xx_hal_i2c.o(i.HAL_I2C_ListenCpltCallback), (2 bytes).
    Removing stm32f4xx_hal_i2c.o(i.HAL_I2C_MasterRxCpltCallback), (2 bytes).
    Removing stm32f4xx_hal_i2c.o(i.HAL_I2C_MasterTxCpltCallback), (2 bytes).
    Removing stm32f4xx_hal_i2c.o(i.HAL_I2C_Master_Abort_IT), (110 bytes).
    Removing stm32f4xx_hal_i2c.o(i.HAL_I2C_Master_Receive_DMA), (372 bytes).
    Removing stm32f4xx_hal_i2c.o(i.HAL_I2C_Master_Receive_IT), (240 bytes).
    Removing stm32f4xx_hal_i2c.o(i.HAL_I2C_Master_Sequential_Receive_IT), (304 bytes).
    Removing stm32f4xx_hal_i2c.o(i.HAL_I2C_Master_Sequential_Transmit_IT), (272 bytes).
    Removing stm32f4xx_hal_i2c.o(i.HAL_I2C_Master_Transmit_DMA), (372 bytes).
    Removing stm32f4xx_hal_i2c.o(i.HAL_I2C_Master_Transmit_IT), (228 bytes).
    Removing stm32f4xx_hal_i2c.o(i.HAL_I2C_MemRxCpltCallback), (2 bytes).
    Removing stm32f4xx_hal_i2c.o(i.HAL_I2C_MemTxCpltCallback), (2 bytes).
    Removing stm32f4xx_hal_i2c.o(i.HAL_I2C_Mem_Read), (808 bytes).
    Removing stm32f4xx_hal_i2c.o(i.HAL_I2C_Mem_Read_DMA), (528 bytes).
    Removing stm32f4xx_hal_i2c.o(i.HAL_I2C_Mem_Read_IT), (252 bytes).
    Removing stm32f4xx_hal_i2c.o(i.HAL_I2C_Mem_Write), (392 bytes).
    Removing stm32f4xx_hal_i2c.o(i.HAL_I2C_Mem_Write_DMA), (388 bytes).
    Removing stm32f4xx_hal_i2c.o(i.HAL_I2C_Mem_Write_IT), (236 bytes).
    Removing stm32f4xx_hal_i2c.o(i.HAL_I2C_MspDeInit), (2 bytes).
    Removing stm32f4xx_hal_i2c.o(i.HAL_I2C_MspInit), (2 bytes).
    Removing stm32f4xx_hal_i2c.o(i.HAL_I2C_SlaveRxCpltCallback), (2 bytes).
    Removing stm32f4xx_hal_i2c.o(i.HAL_I2C_SlaveTxCpltCallback), (2 bytes).
    Removing stm32f4xx_hal_i2c.o(i.HAL_I2C_Slave_Receive), (408 bytes).
    Removing stm32f4xx_hal_i2c.o(i.HAL_I2C_Slave_Receive_DMA), (308 bytes).
    Removing stm32f4xx_hal_i2c.o(i.HAL_I2C_Slave_Receive_IT), (232 bytes).
    Removing stm32f4xx_hal_i2c.o(i.HAL_I2C_Slave_Sequential_Receive_IT), (154 bytes).
    Removing stm32f4xx_hal_i2c.o(i.HAL_I2C_Slave_Sequential_Transmit_IT), (154 bytes).
    Removing stm32f4xx_hal_i2c.o(i.HAL_I2C_Slave_Transmit), (412 bytes).
    Removing stm32f4xx_hal_i2c.o(i.HAL_I2C_Slave_Transmit_DMA), (308 bytes).
    Removing stm32f4xx_hal_i2c.o(i.HAL_I2C_Slave_Transmit_IT), (232 bytes).
    Removing stm32f4xx_hal_i2c.o(i.I2C_DMAAbort), (104 bytes).
    Removing stm32f4xx_hal_i2c.o(i.I2C_DMAError), (60 bytes).
    Removing stm32f4xx_hal_i2c.o(i.I2C_DMAXferCplt), (166 bytes).
    Removing stm32f4xx_hal_i2c.o(i.I2C_ITError), (368 bytes).
    Removing stm32f4xx_hal_i2c.o(i.I2C_MasterReceive_BTF), (272 bytes).
    Removing stm32f4xx_hal_i2c.o(i.I2C_MasterReceive_RXNE), (160 bytes).
    Removing stm32f4xx_hal_i2c.o(i.I2C_MasterTransmit_BTF), (160 bytes).
    Removing stm32f4xx_hal_i2c.o(i.I2C_MasterTransmit_TXE), (330 bytes).
    Removing stm32f4xx_hal_i2c.o(i.I2C_Master_ADD10), (14 bytes).
    Removing stm32f4xx_hal_i2c.o(i.I2C_Master_ADDR), (558 bytes).
    Removing stm32f4xx_hal_i2c.o(i.I2C_Master_SB), (130 bytes).
    Removing stm32f4xx_hal_i2c.o(i.I2C_RequestMemoryRead), (344 bytes).
    Removing stm32f4xx_hal_i2c.o(i.I2C_RequestMemoryWrite), (224 bytes).
    Removing stm32f4xx_hal_i2c.o(i.I2C_SlaveReceive_BTF), (30 bytes).
    Removing stm32f4xx_hal_i2c.o(i.I2C_SlaveReceive_RXNE), (72 bytes).
    Removing stm32f4xx_hal_i2c.o(i.I2C_SlaveTransmit_BTF), (28 bytes).
    Removing stm32f4xx_hal_i2c.o(i.I2C_SlaveTransmit_TXE), (70 bytes).
    Removing stm32f4xx_hal_i2c.o(i.I2C_Slave_ADDR), (54 bytes).
    Removing stm32f4xx_hal_i2c.o(i.I2C_Slave_AF), (164 bytes).
    Removing stm32f4xx_hal_i2c.o(i.I2C_Slave_STOPF), (272 bytes).
    Removing stm32f4xx_hal_i2c.o(i.I2C_WaitOnSTOPFlagUntilTimeout), (82 bytes).
    Removing stm32f4xx_hal_i2c_ex.o(.rev16_text), (4 bytes).
    Removing stm32f4xx_hal_i2c_ex.o(.revsh_text), (4 bytes).
    Removing stm32f4xx_hal_i2c_ex.o(.rrx_text), (6 bytes).
    Removing stm32f4xx_hal_i2c_ex.o(i.HAL_I2CEx_ConfigDigitalFilter), (80 bytes).
    Removing system_stm32f4xx.o(.rev16_text), (4 bytes).
    Removing system_stm32f4xx.o(.revsh_text), (4 bytes).
    Removing system_stm32f4xx.o(.rrx_text), (6 bytes).
    Removing system_stm32f4xx.o(i.SystemCoreClockUpdate), (192 bytes).
    Removing mpu6050.o(.rev16_text), (4 bytes).
    Removing mpu6050.o(.revsh_text), (4 bytes).
    Removing mpu6050.o(.rrx_text), (6 bytes).
    Removing mpu6050.o(i.MPU6050_DisableInterrupts), (52 bytes).
    Removing mpu6050.o(i.MPU6050_EnableInterrupts), (152 bytes).
    Removing mpu6050.o(i.MPU6050_ReadAccelerometer), (120 bytes).
    Removing mpu6050.o(i.MPU6050_ReadAll), (224 bytes).
    Removing mpu6050.o(i.MPU6050_ReadGyroscope), (120 bytes).
    Removing mpu6050.o(i.MPU6050_ReadInterrupts), (84 bytes).
    Removing mpu6050.o(i.MPU6050_ReadTemperature), (124 bytes).
    Removing dadd.o(.text), (334 bytes).
    Removing dmul.o(.text), (228 bytes).
    Removing ddiv.o(.text), (222 bytes).
    Removing dfixul.o(.text), (48 bytes).
    Removing cdrcmple.o(.text), (48 bytes).
    Removing depilogue.o(.text), (186 bytes).

515 unused section(s) (total 49194 bytes) removed from the image.

==============================================================================

Image Symbol Table

    Local Symbols

    Symbol Name                              Value     Ov Type        Size  Object(Section)

    ../Drivers/STM32F4xx_HAL_Driver/Src/stm32f4xx_hal.c 0x00000000   Number         0  stm32f4xx_hal.o ABSOLUTE
    ../Drivers/STM32F4xx_HAL_Driver/Src/stm32f4xx_hal_cortex.c 0x00000000   Number         0  stm32f4xx_hal_cortex.o ABSOLUTE
    ../Drivers/STM32F4xx_HAL_Driver/Src/stm32f4xx_hal_dma.c 0x00000000   Number         0  stm32f4xx_hal_dma.o ABSOLUTE
    ../Drivers/STM32F4xx_HAL_Driver/Src/stm32f4xx_hal_dma_ex.c 0x00000000   Number         0  stm32f4xx_hal_dma_ex.o ABSOLUTE
    ../Drivers/STM32F4xx_HAL_Driver/Src/stm32f4xx_hal_flash.c 0x00000000   Number         0  stm32f4xx_hal_flash.o ABSOLUTE
    ../Drivers/STM32F4xx_HAL_Driver/Src/stm32f4xx_hal_flash_ex.c 0x00000000   Number         0  stm32f4xx_hal_flash_ex.o ABSOLUTE
    ../Drivers/STM32F4xx_HAL_Driver/Src/stm32f4xx_hal_flash_ramfunc.c 0x00000000   Number         0  stm32f4xx_hal_flash_ramfunc.o ABSOLUTE
    ../Drivers/STM32F4xx_HAL_Driver/Src/stm32f4xx_hal_gpio.c 0x00000000   Number         0  stm32f4xx_hal_gpio.o ABSOLUTE
    ../Drivers/STM32F4xx_HAL_Driver/Src/stm32f4xx_hal_pwr.c 0x00000000   Number         0  stm32f4xx_hal_pwr.o ABSOLUTE
    ../Drivers/STM32F4xx_HAL_Driver/Src/stm32f4xx_hal_pwr_ex.c 0x00000000   Number         0  stm32f4xx_hal_pwr_ex.o ABSOLUTE
    ../Drivers/STM32F4xx_HAL_Driver/Src/stm32f4xx_hal_rcc.c 0x00000000   Number         0  stm32f4xx_hal_rcc.o ABSOLUTE
    ../Drivers/STM32F4xx_HAL_Driver/Src/stm32f4xx_hal_rcc_ex.c 0x00000000   Number         0  stm32f4xx_hal_rcc_ex.o ABSOLUTE
    ../Drivers/STM32F4xx_HAL_Driver/Src/stm32f4xx_hal_tim.c 0x00000000   Number         0  stm32f4xx_hal_tim.o ABSOLUTE
    ../Drivers/STM32F4xx_HAL_Driver/Src/stm32f4xx_hal_tim_ex.c 0x00000000   Number         0  stm32f4xx_hal_tim_ex.o ABSOLUTE
    ../Src/main.c                            0x00000000   Number         0  main.o ABSOLUTE
    ../Src/stm32f4xx_hal_msp.c               0x00000000   Number         0  stm32f4xx_hal_msp.o ABSOLUTE
    ../Src/stm32f4xx_it.c                    0x00000000   Number         0  stm32f4xx_it.o ABSOLUTE
    ../Src/system_stm32f4xx.c                0x00000000   Number         0  system_stm32f4xx.o ABSOLUTE
    ../clib/microlib/division.c              0x00000000   Number         0  uldiv.o ABSOLUTE
    ../clib/microlib/division.c              0x00000000   Number         0  uidiv.o ABSOLUTE
    ../clib/microlib/init/entry.s            0x00000000   Number         0  entry8b.o ABSOLUTE
    ../clib/microlib/init/entry.s            0x00000000   Number         0  entry8a.o ABSOLUTE
    ../clib/microlib/init/entry.s            0x00000000   Number         0  entry7b.o ABSOLUTE
    ../clib/microlib/init/entry.s            0x00000000   Number         0  entry7a.o ABSOLUTE
    ../clib/microlib/init/entry.s            0x00000000   Number         0  entry11b.o ABSOLUTE
    ../clib/microlib/init/entry.s            0x00000000   Number         0  entry5.o ABSOLUTE
    ../clib/microlib/init/entry.s            0x00000000   Number         0  entry.o ABSOLUTE
    ../clib/microlib/init/entry.s            0x00000000   Number         0  entry10b.o ABSOLUTE
    ../clib/microlib/init/entry.s            0x00000000   Number         0  entry2.o ABSOLUTE
    ../clib/microlib/init/entry.s            0x00000000   Number         0  entry11a.o ABSOLUTE
    ../clib/microlib/init/entry.s            0x00000000   Number         0  entry10a.o ABSOLUTE
    ../clib/microlib/init/entry.s            0x00000000   Number         0  entry9b.o ABSOLUTE
    ../clib/microlib/init/entry.s            0x00000000   Number         0  entry9a.o ABSOLUTE
    ../clib/microlib/longlong.c              0x00000000   Number         0  llsshr.o ABSOLUTE
    ../clib/microlib/longlong.c              0x00000000   Number         0  llshl.o ABSOLUTE
    ../clib/microlib/longlong.c              0x00000000   Number         0  llushr.o ABSOLUTE
    ../clib/microlib/printf/printf.c         0x00000000   Number         0  printf4.o ABSOLUTE
    ../clib/microlib/printf/printf.c         0x00000000   Number         0  printf6.o ABSOLUTE
    ../clib/microlib/printf/printf.c         0x00000000   Number         0  printf7.o ABSOLUTE
    ../clib/microlib/printf/printf.c         0x00000000   Number         0  printf8.o ABSOLUTE
    ../clib/microlib/printf/printf.c         0x00000000   Number         0  printfa.o ABSOLUTE
    ../clib/microlib/printf/printf.c         0x00000000   Number         0  printf2.o ABSOLUTE
    ../clib/microlib/printf/printf.c         0x00000000   Number         0  printf5.o ABSOLUTE
    ../clib/microlib/printf/printf.c         0x00000000   Number         0  printf0.o ABSOLUTE
    ../clib/microlib/printf/printf.c         0x00000000   Number         0  printfb.o ABSOLUTE
    ../clib/microlib/printf/printf.c         0x00000000   Number         0  printf1.o ABSOLUTE
    ../clib/microlib/printf/printf.c         0x00000000   Number         0  printf3.o ABSOLUTE
    ../clib/microlib/stdio/streams.c         0x00000000   Number         0  stdout.o ABSOLUTE
    ../clib/microlib/string/memcpy.c         0x00000000   Number         0  memcpyb.o ABSOLUTE
    ../clib/microlib/string/memcpy.c         0x00000000   Number         0  memcpya.o ABSOLUTE
    ../clib/microlib/string/memset.c         0x00000000   Number         0  memseta.o ABSOLUTE
    ../clib/microlib/stubs.s                 0x00000000   Number         0  iusefp.o ABSOLUTE
    ../fplib/microlib/fpadd.c                0x00000000   Number         0  dadd.o ABSOLUTE
    ../fplib/microlib/fpdiv.c                0x00000000   Number         0  ddiv.o ABSOLUTE
    ../fplib/microlib/fpepilogue.c           0x00000000   Number         0  depilogue.o ABSOLUTE
    ../fplib/microlib/fpfix.c                0x00000000   Number         0  dfixul.o ABSOLUTE
    ../fplib/microlib/fpmul.c                0x00000000   Number         0  dmul.o ABSOLUTE
    ..\Drivers\STM32F4xx_HAL_Driver\Src\stm32f4xx_hal.c 0x00000000   Number         0  stm32f4xx_hal.o ABSOLUTE
    ..\Drivers\STM32F4xx_HAL_Driver\Src\stm32f4xx_hal_cortex.c 0x00000000   Number         0  stm32f4xx_hal_cortex.o ABSOLUTE
    ..\Drivers\STM32F4xx_HAL_Driver\Src\stm32f4xx_hal_dma.c 0x00000000   Number         0  stm32f4xx_hal_dma.o ABSOLUTE
    ..\Drivers\STM32F4xx_HAL_Driver\Src\stm32f4xx_hal_dma_ex.c 0x00000000   Number         0  stm32f4xx_hal_dma_ex.o ABSOLUTE
    ..\Drivers\STM32F4xx_HAL_Driver\Src\stm32f4xx_hal_flash.c 0x00000000   Number         0  stm32f4xx_hal_flash.o ABSOLUTE
    ..\Drivers\STM32F4xx_HAL_Driver\Src\stm32f4xx_hal_flash_ex.c 0x00000000   Number         0  stm32f4xx_hal_flash_ex.o ABSOLUTE
    ..\Drivers\STM32F4xx_HAL_Driver\Src\stm32f4xx_hal_flash_ramfunc.c 0x00000000   Number         0  stm32f4xx_hal_flash_ramfunc.o ABSOLUTE
    ..\Drivers\STM32F4xx_HAL_Driver\Src\stm32f4xx_hal_gpio.c 0x00000000   Number         0  stm32f4xx_hal_gpio.o ABSOLUTE
    ..\Drivers\STM32F4xx_HAL_Driver\Src\stm32f4xx_hal_i2c.c 0x00000000   Number         0  stm32f4xx_hal_i2c.o ABSOLUTE
    ..\Drivers\STM32F4xx_HAL_Driver\Src\stm32f4xx_hal_i2c_ex.c 0x00000000   Number         0  stm32f4xx_hal_i2c_ex.o ABSOLUTE
    ..\Drivers\STM32F4xx_HAL_Driver\Src\stm32f4xx_hal_pwr.c 0x00000000   Number         0  stm32f4xx_hal_pwr.o ABSOLUTE
    ..\Drivers\STM32F4xx_HAL_Driver\Src\stm32f4xx_hal_pwr_ex.c 0x00000000   Number         0  stm32f4xx_hal_pwr_ex.o ABSOLUTE
    ..\Drivers\STM32F4xx_HAL_Driver\Src\stm32f4xx_hal_rcc.c 0x00000000   Number         0  stm32f4xx_hal_rcc.o ABSOLUTE
    ..\Drivers\STM32F4xx_HAL_Driver\Src\stm32f4xx_hal_rcc_ex.c 0x00000000   Number         0  stm32f4xx_hal_rcc_ex.o ABSOLUTE
    ..\Drivers\STM32F4xx_HAL_Driver\Src\stm32f4xx_hal_tim.c 0x00000000   Number         0  stm32f4xx_hal_tim.o ABSOLUTE
    ..\Drivers\STM32F4xx_HAL_Driver\Src\stm32f4xx_hal_tim_ex.c 0x00000000   Number         0  stm32f4xx_hal_tim_ex.o ABSOLUTE
    ..\Drivers\STM32F4xx_HAL_Driver\Src\stm32f4xx_hal_uart.c 0x00000000   Number         0  stm32f4xx_hal_uart.o ABSOLUTE
    ..\FreeRTOS\list.c                       0x00000000   Number         0  list.o ABSOLUTE
    ..\FreeRTOS\portable\MemMang\heap_2.c    0x00000000   Number         0  heap_2.o ABSOLUTE
    ..\FreeRTOS\portable\RVDS\ARM_CM4F\port.c 0x00000000   Number         0  port.o ABSOLUTE
    ..\FreeRTOS\queue.c                      0x00000000   Number         0  queue.o ABSOLUTE
    ..\FreeRTOS\tasks.c                      0x00000000   Number         0  tasks.o ABSOLUTE
    ..\Peripherals\mpu6050.c                 0x00000000   Number         0  mpu6050.o ABSOLUTE
    ..\Src\main.c                            0x00000000   Number         0  main.o ABSOLUTE
    ..\Src\stm32f4xx_hal_msp.c               0x00000000   Number         0  stm32f4xx_hal_msp.o ABSOLUTE
    ..\Src\stm32f4xx_hal_timebase_tim.c      0x00000000   Number         0  stm32f4xx_hal_timebase_tim.o ABSOLUTE
    ..\Src\stm32f4xx_it.c                    0x00000000   Number         0  stm32f4xx_it.o ABSOLUTE
    ..\Src\system_stm32f4xx.c                0x00000000   Number         0  system_stm32f4xx.o ABSOLUTE
    ..\\Drivers\\STM32F4xx_HAL_Driver\\Src\\stm32f4xx_hal_i2c.c 0x00000000   Number         0  stm32f4xx_hal_i2c.o ABSOLUTE
    ..\\Drivers\\STM32F4xx_HAL_Driver\\Src\\stm32f4xx_hal_i2c_ex.c 0x00000000   Number         0  stm32f4xx_hal_i2c_ex.o ABSOLUTE
    ..\\Drivers\\STM32F4xx_HAL_Driver\\Src\\stm32f4xx_hal_uart.c 0x00000000   Number         0  stm32f4xx_hal_uart.o ABSOLUTE
    ..\\FreeRTOS\\portable\\RVDS\\ARM_CM4F\\port.c 0x00000000   Number         0  port.o ABSOLUTE
    ..\\Peripherals\\mpu6050.c               0x00000000   Number         0  mpu6050.o ABSOLUTE
    ..\\Src\\stm32f4xx_hal_timebase_tim.c    0x00000000   Number         0  stm32f4xx_hal_timebase_tim.o ABSOLUTE
    cdrcmple.s                               0x00000000   Number         0  cdrcmple.o ABSOLUTE
    dc.s                                     0x00000000   Number         0  dc.o ABSOLUTE
    handlers.s                               0x00000000   Number         0  handlers.o ABSOLUTE
    init.s                                   0x00000000   Number         0  init.o ABSOLUTE
    startup_stm32f401xc.s                    0x00000000   Number         0  startup_stm32f401xc.o ABSOLUTE
    RESET                                    0x08000000   Section      404  startup_stm32f401xc.o(RESET)
    .ARM.Collect$$$$00000000                 0x08000194   Section        0  entry.o(.ARM.Collect$$$$00000000)
    .ARM.Collect$$$$00000001                 0x08000194   Section        4  entry2.o(.ARM.Collect$$$$00000001)
    .ARM.Collect$$$$00000004                 0x08000198   Section        4  entry5.o(.ARM.Collect$$$$00000004)
    .ARM.Collect$$$$00000008                 0x0800019c   Section        0  entry7b.o(.ARM.Collect$$$$00000008)
    .ARM.Collect$$$$0000000A                 0x0800019c   Section        0  entry8b.o(.ARM.Collect$$$$0000000A)
    .ARM.Collect$$$$0000000B                 0x0800019c   Section        8  entry9a.o(.ARM.Collect$$$$0000000B)
    .ARM.Collect$$$$0000000D                 0x080001a4   Section        0  entry10a.o(.ARM.Collect$$$$0000000D)
    .ARM.Collect$$$$0000000F                 0x080001a4   Section        0  entry11a.o(.ARM.Collect$$$$0000000F)
    .ARM.Collect$$$$00002712                 0x080001a4   Section        4  entry2.o(.ARM.Collect$$$$00002712)
    __lit__00000000                          0x080001a4   Data           4  entry2.o(.ARM.Collect$$$$00002712)
    .emb_text                                0x080001a8   Section      190  port.o(.emb_text)
    $v0                                      0x080001a8   Number         0  port.o(.emb_text)
    .text                                    0x08000268   Section       36  startup_stm32f401xc.o(.text)
    $v0                                      0x08000268   Number         0  startup_stm32f401xc.o(.text)
    .text                                    0x0800028c   Section        0  uldiv.o(.text)
    .text                                    0x080002ee   Section        0  memseta.o(.text)
    .text                                    0x08000312   Section        0  llshl.o(.text)
    .text                                    0x08000330   Section        0  llushr.o(.text)
    .text                                    0x08000350   Section       36  init.o(.text)
    i.BusFault_Handler                       0x08000374   Section        0  stm32f4xx_it.o(i.BusFault_Handler)
    i.DMA1_Stream0_IRQHandler                0x08000378   Section        0  stm32f4xx_it.o(i.DMA1_Stream0_IRQHandler)
    i.DMA1_Stream6_IRQHandler                0x08000388   Section        0  stm32f4xx_it.o(i.DMA1_Stream6_IRQHandler)
    i.DMA2_Stream1_IRQHandler                0x08000398   Section        0  stm32f4xx_it.o(i.DMA2_Stream1_IRQHandler)
    i.DMA2_Stream2_IRQHandler                0x080003a8   Section        0  stm32f4xx_it.o(i.DMA2_Stream2_IRQHandler)
    i.DMA2_Stream6_IRQHandler                0x080003b8   Section        0  stm32f4xx_it.o(i.DMA2_Stream6_IRQHandler)
    i.DMA2_Stream7_IRQHandler                0x080003c8   Section        0  stm32f4xx_it.o(i.DMA2_Stream7_IRQHandler)
    i.DMA_CalcBaseAndBitshift                0x080003d8   Section        0  stm32f4xx_hal_dma.o(i.DMA_CalcBaseAndBitshift)
    DMA_CalcBaseAndBitshift                  0x080003d9   Thumb Code    46  stm32f4xx_hal_dma.o(i.DMA_CalcBaseAndBitshift)
    i.DMA_CheckFifoParam                     0x0800040c   Section        0  stm32f4xx_hal_dma.o(i.DMA_CheckFifoParam)
    DMA_CheckFifoParam                       0x0800040d   Thumb Code   170  stm32f4xx_hal_dma.o(i.DMA_CheckFifoParam)
    i.DebugMon_Handler                       0x080004b6   Section        0  stm32f4xx_it.o(i.DebugMon_Handler)
    i.Error_Handler                          0x080004b8   Section        0  main.o(i.Error_Handler)
    i.HAL_DMA_IRQHandler                     0x080004bc   Section        0  stm32f4xx_hal_dma.o(i.HAL_DMA_IRQHandler)
    i.HAL_DMA_Init                           0x080006fc   Section        0  stm32f4xx_hal_dma.o(i.HAL_DMA_Init)
    i.HAL_GPIO_Init                          0x080007e8   Section        0  stm32f4xx_hal_gpio.o(i.HAL_GPIO_Init)
    i.HAL_GPIO_TogglePin                     0x080009bc   Section        0  stm32f4xx_hal_gpio.o(i.HAL_GPIO_TogglePin)
    i.HAL_GPIO_WritePin                      0x080009c4   Section        0  stm32f4xx_hal_gpio.o(i.HAL_GPIO_WritePin)
    i.HAL_GetTick                            0x080009d0   Section        0  stm32f4xx_hal.o(i.HAL_GetTick)
    i.HAL_I2CEx_ConfigAnalogFilter           0x080009dc   Section        0  stm32f4xx_hal_i2c_ex.o(i.HAL_I2CEx_ConfigAnalogFilter)
    i.HAL_I2C_Init                           0x08000a28   Section        0  stm32f4xx_hal_i2c.o(i.HAL_I2C_Init)
    i.HAL_I2C_IsDeviceReady                  0x08000b50   Section        0  stm32f4xx_hal_i2c.o(i.HAL_I2C_IsDeviceReady)
    i.HAL_I2C_Master_Receive                 0x08000d04   Section        0  stm32f4xx_hal_i2c.o(i.HAL_I2C_Master_Receive)
    i.HAL_I2C_Master_Transmit                0x0800102c   Section        0  stm32f4xx_hal_i2c.o(i.HAL_I2C_Master_Transmit)
    i.HAL_I2C_MspInit                        0x080011c0   Section        0  stm32f4xx_hal_msp.o(i.HAL_I2C_MspInit)
    i.HAL_IncTick                            0x080012c8   Section        0  stm32f4xx_hal.o(i.HAL_IncTick)
    i.HAL_Init                               0x080012e0   Section        0  stm32f4xx_hal.o(i.HAL_Init)
    i.HAL_InitTick                           0x0800131c   Section        0  stm32f4xx_hal_timebase_tim.o(i.HAL_InitTick)
    i.HAL_MspInit                            0x080013a8   Section        0  stm32f4xx_hal_msp.o(i.HAL_MspInit)
    i.HAL_NVIC_EnableIRQ                     0x08001410   Section        0  stm32f4xx_hal_cortex.o(i.HAL_NVIC_EnableIRQ)
    i.HAL_NVIC_SetPriority                   0x0800142a   Section        0  stm32f4xx_hal_cortex.o(i.HAL_NVIC_SetPriority)
    i.HAL_NVIC_SetPriorityGrouping           0x080014a8   Section        0  stm32f4xx_hal_cortex.o(i.HAL_NVIC_SetPriorityGrouping)
    i.HAL_RCC_CSSCallback                    0x080014d0   Section        0  stm32f4xx_hal_rcc.o(i.HAL_RCC_CSSCallback)
    i.HAL_RCC_ClockConfig                    0x080014d4   Section        0  stm32f4xx_hal_rcc.o(i.HAL_RCC_ClockConfig)
    i.HAL_RCC_EnableCSS                      0x08001654   Section        0  stm32f4xx_hal_rcc.o(i.HAL_RCC_EnableCSS)
    i.HAL_RCC_GetClockConfig                 0x08001660   Section        0  stm32f4xx_hal_rcc.o(i.HAL_RCC_GetClockConfig)
    i.HAL_RCC_GetHCLKFreq                    0x080016a4   Section        0  stm32f4xx_hal_rcc.o(i.HAL_RCC_GetHCLKFreq)
    i.HAL_RCC_GetPCLK1Freq                   0x080016b0   Section        0  stm32f4xx_hal_rcc.o(i.HAL_RCC_GetPCLK1Freq)
    i.HAL_RCC_GetPCLK2Freq                   0x080016d0   Section        0  stm32f4xx_hal_rcc.o(i.HAL_RCC_GetPCLK2Freq)
    i.HAL_RCC_GetSysClockFreq                0x080016f0   Section        0  stm32f4xx_hal_rcc.o(i.HAL_RCC_GetSysClockFreq)
    i.HAL_RCC_NMI_IRQHandler                 0x080017a0   Section        0  stm32f4xx_hal_rcc.o(i.HAL_RCC_NMI_IRQHandler)
    i.HAL_RCC_OscConfig                      0x080017c0   Section        0  stm32f4xx_hal_rcc.o(i.HAL_RCC_OscConfig)
    i.HAL_SYSTICK_Callback                   0x08001c08   Section        0  stm32f4xx_hal_cortex.o(i.HAL_SYSTICK_Callback)
    i.HAL_SYSTICK_IRQHandler                 0x08001c0a   Section        0  stm32f4xx_hal_cortex.o(i.HAL_SYSTICK_IRQHandler)
    i.HAL_TIMEx_BreakCallback                0x08001c12   Section        0  stm32f4xx_hal_tim_ex.o(i.HAL_TIMEx_BreakCallback)
    i.HAL_TIMEx_CommutationCallback          0x08001c14   Section        0  stm32f4xx_hal_tim_ex.o(i.HAL_TIMEx_CommutationCallback)
    i.HAL_TIMEx_MasterConfigSynchronization  0x08001c16   Section        0  stm32f4xx_hal_tim_ex.o(i.HAL_TIMEx_MasterConfigSynchronization)
    i.HAL_TIM_Base_Init                      0x08001c78   Section        0  stm32f4xx_hal_tim.o(i.HAL_TIM_Base_Init)
    i.HAL_TIM_Base_MspInit                   0x08001cac   Section        0  stm32f4xx_hal_tim.o(i.HAL_TIM_Base_MspInit)
    i.HAL_TIM_Base_Start_IT                  0x08001cae   Section        0  stm32f4xx_hal_tim.o(i.HAL_TIM_Base_Start_IT)
    i.HAL_TIM_IC_CaptureCallback             0x08001ccc   Section        0  stm32f4xx_hal_tim.o(i.HAL_TIM_IC_CaptureCallback)
    i.HAL_TIM_IRQHandler                     0x08001cce   Section        0  stm32f4xx_hal_tim.o(i.HAL_TIM_IRQHandler)
    i.HAL_TIM_MspPostInit                    0x08001e64   Section        0  stm32f4xx_hal_msp.o(i.HAL_TIM_MspPostInit)
    i.HAL_TIM_OC_DelayElapsedCallback        0x08001f04   Section        0  stm32f4xx_hal_tim.o(i.HAL_TIM_OC_DelayElapsedCallback)
    i.HAL_TIM_PWM_ConfigChannel              0x08001f06   Section        0  stm32f4xx_hal_tim.o(i.HAL_TIM_PWM_ConfigChannel)
    i.HAL_TIM_PWM_Init                       0x0800200e   Section        0  stm32f4xx_hal_tim.o(i.HAL_TIM_PWM_Init)
    i.HAL_TIM_PWM_MspInit                    0x08002044   Section        0  stm32f4xx_hal_msp.o(i.HAL_TIM_PWM_MspInit)
    i.HAL_TIM_PWM_PulseFinishedCallback      0x08002074   Section        0  stm32f4xx_hal_tim.o(i.HAL_TIM_PWM_PulseFinishedCallback)
    i.HAL_TIM_PeriodElapsedCallback          0x08002076   Section        0  stm32f4xx_hal_tim.o(i.HAL_TIM_PeriodElapsedCallback)
    i.HAL_TIM_TriggerCallback                0x08002078   Section        0  stm32f4xx_hal_tim.o(i.HAL_TIM_TriggerCallback)
    i.HAL_UART_Init                          0x0800207a   Section        0  stm32f4xx_hal_uart.o(i.HAL_UART_Init)
    i.HAL_UART_MspInit                       0x080020ec   Section        0  stm32f4xx_hal_msp.o(i.HAL_UART_MspInit)
    i.HAL_UART_Transmit                      0x080022e8   Section        0  stm32f4xx_hal_uart.o(i.HAL_UART_Transmit)
    i.HardFault_Handler                      0x080023be   Section        0  stm32f4xx_it.o(i.HardFault_Handler)
    i.I2C_IsAcknowledgeFailed                0x080023c2   Section        0  stm32f4xx_hal_i2c.o(i.I2C_IsAcknowledgeFailed)
    I2C_IsAcknowledgeFailed                  0x080023c3   Thumb Code    52  stm32f4xx_hal_i2c.o(i.I2C_IsAcknowledgeFailed)
    i.I2C_MasterRequestRead                  0x080023f8   Section        0  stm32f4xx_hal_i2c.o(i.I2C_MasterRequestRead)
    I2C_MasterRequestRead                    0x080023f9   Thumb Code   298  stm32f4xx_hal_i2c.o(i.I2C_MasterRequestRead)
    i.I2C_MasterRequestWrite                 0x08002528   Section        0  stm32f4xx_hal_i2c.o(i.I2C_MasterRequestWrite)
    I2C_MasterRequestWrite                   0x08002529   Thumb Code   186  stm32f4xx_hal_i2c.o(i.I2C_MasterRequestWrite)
    i.I2C_WaitOnBTFFlagUntilTimeout          0x080025e8   Section        0  stm32f4xx_hal_i2c.o(i.I2C_WaitOnBTFFlagUntilTimeout)
    I2C_WaitOnBTFFlagUntilTimeout            0x080025e9   Thumb Code    86  stm32f4xx_hal_i2c.o(i.I2C_WaitOnBTFFlagUntilTimeout)
    i.I2C_WaitOnFlagUntilTimeout             0x0800263e   Section        0  stm32f4xx_hal_i2c.o(i.I2C_WaitOnFlagUntilTimeout)
    I2C_WaitOnFlagUntilTimeout               0x0800263f   Thumb Code   124  stm32f4xx_hal_i2c.o(i.I2C_WaitOnFlagUntilTimeout)
    i.I2C_WaitOnMasterAddressFlagUntilTimeout 0x080026ba   Section        0  stm32f4xx_hal_i2c.o(i.I2C_WaitOnMasterAddressFlagUntilTimeout)
    I2C_WaitOnMasterAddressFlagUntilTimeout  0x080026bb   Thumb Code   172  stm32f4xx_hal_i2c.o(i.I2C_WaitOnMasterAddressFlagUntilTimeout)
    i.I2C_WaitOnRXNEFlagUntilTimeout         0x08002766   Section        0  stm32f4xx_hal_i2c.o(i.I2C_WaitOnRXNEFlagUntilTimeout)
    I2C_WaitOnRXNEFlagUntilTimeout           0x08002767   Thumb Code   110  stm32f4xx_hal_i2c.o(i.I2C_WaitOnRXNEFlagUntilTimeout)
    i.I2C_WaitOnTXEFlagUntilTimeout          0x080027d4   Section        0  stm32f4xx_hal_i2c.o(i.I2C_WaitOnTXEFlagUntilTimeout)
    I2C_WaitOnTXEFlagUntilTimeout            0x080027d5   Thumb Code    86  stm32f4xx_hal_i2c.o(i.I2C_WaitOnTXEFlagUntilTimeout)
    i.MPU6050_Init                           0x0800282a   Section        0  mpu6050.o(i.MPU6050_Init)
    i.MPU6050_SetAccelerometer               0x080028e4   Section        0  mpu6050.o(i.MPU6050_SetAccelerometer)
    i.MPU6050_SetDataRate                    0x080029a4   Section        0  mpu6050.o(i.MPU6050_SetDataRate)
    i.MPU6050_SetGyroscope                   0x080029dc   Section        0  mpu6050.o(i.MPU6050_SetGyroscope)
    i.MX_DMA_Init                            0x08002a9c   Section        0  main.o(i.MX_DMA_Init)
    MX_DMA_Init                              0x08002a9d   Thumb Code   162  main.o(i.MX_DMA_Init)
    i.MX_GPIO_Init                           0x08002b44   Section        0  main.o(i.MX_GPIO_Init)
    MX_GPIO_Init                             0x08002b45   Thumb Code   176  main.o(i.MX_GPIO_Init)
    i.MX_I2C1_Init                           0x08002bfc   Section        0  main.o(i.MX_I2C1_Init)
    MX_I2C1_Init                             0x08002bfd   Thumb Code    56  main.o(i.MX_I2C1_Init)
    i.MX_TIM2_Init                           0x08002c40   Section        0  main.o(i.MX_TIM2_Init)
    MX_TIM2_Init                             0x08002c41   Thumb Code   166  main.o(i.MX_TIM2_Init)
    i.MX_USART1_UART_Init                    0x08002cec   Section        0  main.o(i.MX_USART1_UART_Init)
    MX_USART1_UART_Init                      0x08002ced   Thumb Code    46  main.o(i.MX_USART1_UART_Init)
    i.MX_USART6_UART_Init                    0x08002d24   Section        0  main.o(i.MX_USART6_UART_Init)
    MX_USART6_UART_Init                      0x08002d25   Thumb Code    46  main.o(i.MX_USART6_UART_Init)
    i.MemManage_Handler                      0x08002d5c   Section        0  stm32f4xx_it.o(i.MemManage_Handler)
    i.NMI_Handler                            0x08002d60   Section        0  stm32f4xx_it.o(i.NMI_Handler)
    i.NVIC_GetPriorityGrouping               0x08002d68   Section        0  stm32f4xx_hal_cortex.o(i.NVIC_GetPriorityGrouping)
    NVIC_GetPriorityGrouping                 0x08002d69   Thumb Code    10  stm32f4xx_hal_cortex.o(i.NVIC_GetPriorityGrouping)
    i.NVIC_SetPriority                       0x08002d78   Section        0  stm32f4xx_hal_cortex.o(i.NVIC_SetPriority)
    NVIC_SetPriority                         0x08002d79   Thumb Code    32  stm32f4xx_hal_cortex.o(i.NVIC_SetPriority)
    i.SysTick_Handler                        0x08002da0   Section        0  port.o(i.SysTick_Handler)
    i.SystemClock_Config                     0x08002dd4   Section        0  main.o(i.SystemClock_Config)
    i.SystemInit                             0x08002e8c   Section        0  system_stm32f4xx.o(i.SystemInit)
    i.TIM1_UP_TIM10_IRQHandler               0x08002ef0   Section        0  stm32f4xx_it.o(i.TIM1_UP_TIM10_IRQHandler)
    i.TIM_Base_SetConfig                     0x08002f08   Section        0  stm32f4xx_hal_tim.o(i.TIM_Base_SetConfig)
    i.TIM_OC1_SetConfig                      0x08002fb8   Section        0  stm32f4xx_hal_tim.o(i.TIM_OC1_SetConfig)
    TIM_OC1_SetConfig                        0x08002fb9   Thumb Code    96  stm32f4xx_hal_tim.o(i.TIM_OC1_SetConfig)
    i.TIM_OC2_SetConfig                      0x0800301c   Section        0  stm32f4xx_hal_tim.o(i.TIM_OC2_SetConfig)
    i.TIM_OC3_SetConfig                      0x0800308c   Section        0  stm32f4xx_hal_tim.o(i.TIM_OC3_SetConfig)
    TIM_OC3_SetConfig                        0x0800308d   Thumb Code   104  stm32f4xx_hal_tim.o(i.TIM_OC3_SetConfig)
    i.TIM_OC4_SetConfig                      0x080030f8   Section        0  stm32f4xx_hal_tim.o(i.TIM_OC4_SetConfig)
    TIM_OC4_SetConfig                        0x080030f9   Thumb Code    82  stm32f4xx_hal_tim.o(i.TIM_OC4_SetConfig)
    i.UART_SetConfig                         0x08003150   Section        0  stm32f4xx_hal_uart.o(i.UART_SetConfig)
    UART_SetConfig                           0x08003151   Thumb Code   864  stm32f4xx_hal_uart.o(i.UART_SetConfig)
    i.UART_WaitOnFlagUntilTimeout            0x080034b8   Section        0  stm32f4xx_hal_uart.o(i.UART_WaitOnFlagUntilTimeout)
    UART_WaitOnFlagUntilTimeout              0x080034b9   Thumb Code   108  stm32f4xx_hal_uart.o(i.UART_WaitOnFlagUntilTimeout)
    i.UsageFault_Handler                     0x08003524   Section        0  stm32f4xx_it.o(i.UsageFault_Handler)
    i.__0printf$bare                         0x08003528   Section        0  printfb.o(i.__0printf$bare)
    i.__scatterload_copy                     0x08003538   Section       14  handlers.o(i.__scatterload_copy)
    i.__scatterload_null                     0x08003546   Section        2  handlers.o(i.__scatterload_null)
    i.__scatterload_zeroinit                 0x08003548   Section       14  handlers.o(i.__scatterload_zeroinit)
    i._printf_core                           0x08003556   Section        0  printfb.o(i._printf_core)
    _printf_core                             0x08003557   Thumb Code    34  printfb.o(i._printf_core)
    i.fputc                                  0x08003578   Section        0  main.o(i.fputc)
    i.main                                   0x080035a4   Section        0  main.o(i.main)
    i.prvAddCurrentTaskToDelayedList         0x08003660   Section        0  tasks.o(i.prvAddCurrentTaskToDelayedList)
    prvAddCurrentTaskToDelayedList           0x08003661   Thumb Code   124  tasks.o(i.prvAddCurrentTaskToDelayedList)
    i.prvAddNewTaskToReadyList               0x080036f8   Section        0  tasks.o(i.prvAddNewTaskToReadyList)
    prvAddNewTaskToReadyList                 0x080036f9   Thumb Code   150  tasks.o(i.prvAddNewTaskToReadyList)
    i.prvCheckTasksWaitingTermination        0x080037ac   Section        0  tasks.o(i.prvCheckTasksWaitingTermination)
    prvCheckTasksWaitingTermination          0x080037ad   Thumb Code    60  tasks.o(i.prvCheckTasksWaitingTermination)
    i.prvDeleteTCB                           0x080037f4   Section        0  tasks.o(i.prvDeleteTCB)
    prvDeleteTCB                             0x080037f5   Thumb Code    18  tasks.o(i.prvDeleteTCB)
    i.prvHeapInit                            0x08003808   Section        0  heap_2.o(i.prvHeapInit)
    prvHeapInit                              0x08003809   Thumb Code    42  heap_2.o(i.prvHeapInit)
    i.prvIdleTask                            0x08003840   Section        0  tasks.o(i.prvIdleTask)
    prvIdleTask                              0x08003841   Thumb Code    32  tasks.o(i.prvIdleTask)
    i.prvInitialiseNewTask                   0x08003868   Section        0  tasks.o(i.prvInitialiseNewTask)
    prvInitialiseNewTask                     0x08003869   Thumb Code   188  tasks.o(i.prvInitialiseNewTask)
    i.prvInitialiseTaskLists                 0x08003924   Section        0  tasks.o(i.prvInitialiseTaskLists)
    prvInitialiseTaskLists                   0x08003925   Thumb Code    70  tasks.o(i.prvInitialiseTaskLists)
    i.prvResetNextTaskUnblockTime            0x0800398c   Section        0  tasks.o(i.prvResetNextTaskUnblockTime)
    prvResetNextTaskUnblockTime              0x0800398d   Thumb Code    42  tasks.o(i.prvResetNextTaskUnblockTime)
    i.prvTaskExitError                       0x080039c0   Section        0  port.o(i.prvTaskExitError)
    prvTaskExitError                         0x080039c1   Thumb Code    60  port.o(i.prvTaskExitError)
    i.pvPortMalloc                           0x08003a00   Section        0  heap_2.o(i.pvPortMalloc)
    i.pxPortInitialiseStack                  0x08003ab8   Section        0  port.o(i.pxPortInitialiseStack)
    i.uxListRemove                           0x08003ae4   Section        0  list.o(i.uxListRemove)
    i.vBLU_LEDTask                           0x08003b0c   Section        0  main.o(i.vBLU_LEDTask)
    vBLU_LEDTask                             0x08003b0d   Thumb Code    22  main.o(i.vBLU_LEDTask)
    i.vGRE_LEDTask                           0x08003b28   Section        0  main.o(i.vGRE_LEDTask)
    vGRE_LEDTask                             0x08003b29   Thumb Code    22  main.o(i.vGRE_LEDTask)
    i.vListInitialise                        0x08003b44   Section        0  list.o(i.vListInitialise)
    i.vListInitialiseItem                    0x08003b5e   Section        0  list.o(i.vListInitialiseItem)
    i.vListInsert                            0x08003b64   Section        0  list.o(i.vListInsert)
    i.vListInsertEnd                         0x08003b98   Section        0  list.o(i.vListInsertEnd)
    i.vPortEnterCritical                     0x08003bb0   Section        0  port.o(i.vPortEnterCritical)
    i.vPortExitCritical                      0x08003c04   Section        0  port.o(i.vPortExitCritical)
    i.vPortFree                              0x08003c40   Section        0  heap_2.o(i.vPortFree)
    i.vPortSetupTimerInterrupt               0x08003c80   Section        0  port.o(i.vPortSetupTimerInterrupt)
    i.vRED_LEDTask                           0x08003ca8   Section        0  main.o(i.vRED_LEDTask)
    vRED_LEDTask                             0x08003ca9   Thumb Code    28  main.o(i.vRED_LEDTask)
    i.vTaskDelay                             0x08003cdc   Section        0  tasks.o(i.vTaskDelay)
    i.vTaskStartScheduler                    0x08003d38   Section        0  tasks.o(i.vTaskStartScheduler)
    i.vTaskSuspendAll                        0x08003dc0   Section        0  tasks.o(i.vTaskSuspendAll)
    i.vTaskSwitchContext                     0x08003dd0   Section        0  tasks.o(i.vTaskSwitchContext)
    i.xPortStartScheduler                    0x08003e5c   Section        0  port.o(i.xPortStartScheduler)
    i.xTaskCreate                            0x08003fc4   Section        0  tasks.o(i.xTaskCreate)
    i.xTaskIncrementTick                     0x08004024   Section        0  tasks.o(i.xTaskIncrementTick)
    i.xTaskResumeAll                         0x0800416c   Section        0  tasks.o(i.xTaskResumeAll)
    .constdata                               0x08004270   Section        8  stm32f4xx_hal_dma.o(.constdata)
    flagBitshiftOffset                       0x08004270   Data           8  stm32f4xx_hal_dma.o(.constdata)
    .constdata                               0x08004278   Section       24  system_stm32f4xx.o(.constdata)
    .data                                    0x20000000   Section       60  tasks.o(.data)
    pxDelayedTaskList                        0x20000004   Data           4  tasks.o(.data)
    pxOverflowDelayedTaskList                0x20000008   Data           4  tasks.o(.data)
    uxDeletedTasksWaitingCleanUp             0x2000000c   Data           4  tasks.o(.data)
    uxCurrentNumberOfTasks                   0x20000010   Data           4  tasks.o(.data)
    xTickCount                               0x20000014   Data           4  tasks.o(.data)
    uxTopReadyPriority                       0x20000018   Data           4  tasks.o(.data)
    xSchedulerRunning                        0x2000001c   Data           4  tasks.o(.data)
    uxPendedTicks                            0x20000020   Data           4  tasks.o(.data)
    xYieldPending                            0x20000024   Data           4  tasks.o(.data)
    xNumOfOverflows                          0x20000028   Data           4  tasks.o(.data)
    uxTaskNumber                             0x2000002c   Data           4  tasks.o(.data)
    xNextTaskUnblockTime                     0x20000030   Data           4  tasks.o(.data)
    xIdleTaskHandle                          0x20000034   Data           4  tasks.o(.data)
    uxSchedulerSuspended                     0x20000038   Data           4  tasks.o(.data)
    .data                                    0x2000003c   Section       12  port.o(.data)
    uxCriticalNesting                        0x2000003c   Data           4  port.o(.data)
    ucMaxSysCallPriority                     0x20000040   Data           1  port.o(.data)
    ulMaxPRIGROUPValue                       0x20000044   Data           4  port.o(.data)
    .data                                    0x20000048   Section       24  heap_2.o(.data)
    xStart                                   0x20000048   Data           8  heap_2.o(.data)
    xEnd                                     0x20000050   Data           8  heap_2.o(.data)
    xFreeBytesRemaining                      0x20000058   Data           4  heap_2.o(.data)
    xHeapHasBeenInitialised                  0x2000005c   Data           4  heap_2.o(.data)
    .data                                    0x20000060   Section        9  stm32f4xx_hal.o(.data)
    .data                                    0x2000006c   Section        4  system_stm32f4xx.o(.data)
    .data                                    0x20000070   Section        4  stdout.o(.data)
    .bss                                     0x20000074   Section      420  tasks.o(.bss)
    pxReadyTasksLists                        0x20000074   Data         320  tasks.o(.bss)
    xDelayedTaskList1                        0x200001b4   Data          20  tasks.o(.bss)
    xDelayedTaskList2                        0x200001c8   Data          20  tasks.o(.bss)
    xPendingReadyList                        0x200001dc   Data          20  tasks.o(.bss)
    xTasksWaitingTermination                 0x200001f0   Data          20  tasks.o(.bss)
    xSuspendedTaskList                       0x20000204   Data          20  tasks.o(.bss)
    .bss                                     0x20000218   Section    61440  heap_2.o(.bss)
    ucHeap                                   0x20000218   Data       61440  heap_2.o(.bss)
    .bss                                     0x2000f218   Section      876  main.o(.bss)
    .bss                                     0x2000f584   Section       60  stm32f4xx_hal_timebase_tim.o(.bss)
    STACK                                    0x2000f5c0   Section     1024  startup_stm32f401xc.o(STACK)

    Global Symbols

    Symbol Name                              Value     Ov Type        Size  Object(Section)

    BuildAttributes$$THM_ISAv4$E$P$D$K$B$S$7EM$VFPi3$EXTD16$VFPS$VFMA$PE$A:L22UL41UL21$X:L11$S22US41US21$IEEE1$IW$USESV6$~STKCKD$USESV7$~SHL$OSPACE$ROPI$EBA8$MICROLIB$REQ8$PRES8$EABIv2 0x00000000   Number         0  anon$$obj.o ABSOLUTE
    __ARM_use_no_argv                        0x00000000   Number         0  main.o ABSOLUTE
    __cpp_initialize__aeabi_                  - Undefined Weak Reference
    __cxa_finalize                            - Undefined Weak Reference
    __decompress                              - Undefined Weak Reference
    _clock_init                               - Undefined Weak Reference
    _microlib_exit                            - Undefined Weak Reference
    __Vectors_Size                           0x00000194   Number         0  startup_stm32f401xc.o ABSOLUTE
    __Vectors                                0x08000000   Data           4  startup_stm32f401xc.o(RESET)
    __Vectors_End                            0x08000194   Data           0  startup_stm32f401xc.o(RESET)
    __main                                   0x08000195   Thumb Code     0  entry.o(.ARM.Collect$$$$00000000)
    _main_stk                                0x08000195   Thumb Code     0  entry2.o(.ARM.Collect$$$$00000001)
    _main_scatterload                        0x08000199   Thumb Code     0  entry5.o(.ARM.Collect$$$$00000004)
    __main_after_scatterload                 0x0800019d   Thumb Code     0  entry5.o(.ARM.Collect$$$$00000004)
    _main_clock                              0x0800019d   Thumb Code     0  entry7b.o(.ARM.Collect$$$$00000008)
    _main_cpp_init                           0x0800019d   Thumb Code     0  entry8b.o(.ARM.Collect$$$$0000000A)
    _main_init                               0x0800019d   Thumb Code     0  entry9a.o(.ARM.Collect$$$$0000000B)
    __rt_final_cpp                           0x080001a5   Thumb Code     0  entry10a.o(.ARM.Collect$$$$0000000D)
    __rt_final_exit                          0x080001a5   Thumb Code     0  entry11a.o(.ARM.Collect$$$$0000000F)
    SVC_Handler                              0x080001a9   Thumb Code    28  port.o(.emb_text)
    __asm___6_port_c_39a90d8d__prvStartFirstTask 0x080001c9   Thumb Code    36  port.o(.emb_text)
    __asm___6_port_c_39a90d8d__prvEnableVFP  0x080001f1   Thumb Code    16  port.o(.emb_text)
    PendSV_Handler                           0x08000205   Thumb Code    88  port.o(.emb_text)
    vPortGetIPSR                             0x08000261   Thumb Code     6  port.o(.emb_text)
    Reset_Handler                            0x08000269   Thumb Code     8  startup_stm32f401xc.o(.text)
    ADC_IRQHandler                           0x08000283   Thumb Code     0  startup_stm32f401xc.o(.text)
    DMA1_Stream1_IRQHandler                  0x08000283   Thumb Code     0  startup_stm32f401xc.o(.text)
    DMA1_Stream2_IRQHandler                  0x08000283   Thumb Code     0  startup_stm32f401xc.o(.text)
    DMA1_Stream3_IRQHandler                  0x08000283   Thumb Code     0  startup_stm32f401xc.o(.text)
    DMA1_Stream4_IRQHandler                  0x08000283   Thumb Code     0  startup_stm32f401xc.o(.text)
    DMA1_Stream5_IRQHandler                  0x08000283   Thumb Code     0  startup_stm32f401xc.o(.text)
    DMA1_Stream7_IRQHandler                  0x08000283   Thumb Code     0  startup_stm32f401xc.o(.text)
    DMA2_Stream0_IRQHandler                  0x08000283   Thumb Code     0  startup_stm32f401xc.o(.text)
    DMA2_Stream3_IRQHandler                  0x08000283   Thumb Code     0  startup_stm32f401xc.o(.text)
    DMA2_Stream4_IRQHandler                  0x08000283   Thumb Code     0  startup_stm32f401xc.o(.text)
    DMA2_Stream5_IRQHandler                  0x08000283   Thumb Code     0  startup_stm32f401xc.o(.text)
    EXTI0_IRQHandler                         0x08000283   Thumb Code     0  startup_stm32f401xc.o(.text)
    EXTI15_10_IRQHandler                     0x08000283   Thumb Code     0  startup_stm32f401xc.o(.text)
    EXTI1_IRQHandler                         0x08000283   Thumb Code     0  startup_stm32f401xc.o(.text)
    EXTI2_IRQHandler                         0x08000283   Thumb Code     0  startup_stm32f401xc.o(.text)
    EXTI3_IRQHandler                         0x08000283   Thumb Code     0  startup_stm32f401xc.o(.text)
    EXTI4_IRQHandler                         0x08000283   Thumb Code     0  startup_stm32f401xc.o(.text)
    EXTI9_5_IRQHandler                       0x08000283   Thumb Code     0  startup_stm32f401xc.o(.text)
    FLASH_IRQHandler                         0x08000283   Thumb Code     0  startup_stm32f401xc.o(.text)
    FPU_IRQHandler                           0x08000283   Thumb Code     0  startup_stm32f401xc.o(.text)
    I2C1_ER_IRQHandler                       0x08000283   Thumb Code     0  startup_stm32f401xc.o(.text)
    I2C1_EV_IRQHandler                       0x08000283   Thumb Code     0  startup_stm32f401xc.o(.text)
    I2C2_ER_IRQHandler                       0x08000283   Thumb Code     0  startup_stm32f401xc.o(.text)
    I2C2_EV_IRQHandler                       0x08000283   Thumb Code     0  startup_stm32f401xc.o(.text)
    I2C3_ER_IRQHandler                       0x08000283   Thumb Code     0  startup_stm32f401xc.o(.text)
    I2C3_EV_IRQHandler                       0x08000283   Thumb Code     0  startup_stm32f401xc.o(.text)
    OTG_FS_IRQHandler                        0x08000283   Thumb Code     0  startup_stm32f401xc.o(.text)
    OTG_FS_WKUP_IRQHandler                   0x08000283   Thumb Code     0  startup_stm32f401xc.o(.text)
    PVD_IRQHandler                           0x08000283   Thumb Code     0  startup_stm32f401xc.o(.text)
    RCC_IRQHandler                           0x08000283   Thumb Code     0  startup_stm32f401xc.o(.text)
    RTC_Alarm_IRQHandler                     0x08000283   Thumb Code     0  startup_stm32f401xc.o(.text)
    RTC_WKUP_IRQHandler                      0x08000283   Thumb Code     0  startup_stm32f401xc.o(.text)
    SDIO_IRQHandler                          0x08000283   Thumb Code     0  startup_stm32f401xc.o(.text)
    SPI1_IRQHandler                          0x08000283   Thumb Code     0  startup_stm32f401xc.o(.text)
    SPI2_IRQHandler                          0x08000283   Thumb Code     0  startup_stm32f401xc.o(.text)
    SPI3_IRQHandler                          0x08000283   Thumb Code     0  startup_stm32f401xc.o(.text)
    SPI4_IRQHandler                          0x08000283   Thumb Code     0  startup_stm32f401xc.o(.text)
    TAMP_STAMP_IRQHandler                    0x08000283   Thumb Code     0  startup_stm32f401xc.o(.text)
    TIM1_BRK_TIM9_IRQHandler                 0x08000283   Thumb Code     0  startup_stm32f401xc.o(.text)
    TIM1_CC_IRQHandler                       0x08000283   Thumb Code     0  startup_stm32f401xc.o(.text)
    TIM1_TRG_COM_TIM11_IRQHandler            0x08000283   Thumb Code     0  startup_stm32f401xc.o(.text)
    TIM2_IRQHandler                          0x08000283   Thumb Code     0  startup_stm32f401xc.o(.text)
    TIM3_IRQHandler                          0x08000283   Thumb Code     0  startup_stm32f401xc.o(.text)
    TIM4_IRQHandler                          0x08000283   Thumb Code     0  startup_stm32f401xc.o(.text)
    TIM5_IRQHandler                          0x08000283   Thumb Code     0  startup_stm32f401xc.o(.text)
    USART1_IRQHandler                        0x08000283   Thumb Code     0  startup_stm32f401xc.o(.text)
    USART2_IRQHandler                        0x08000283   Thumb Code     0  startup_stm32f401xc.o(.text)
    USART6_IRQHandler                        0x08000283   Thumb Code     0  startup_stm32f401xc.o(.text)
    WWDG_IRQHandler                          0x08000283   Thumb Code     0  startup_stm32f401xc.o(.text)
    __aeabi_uldivmod                         0x0800028d   Thumb Code    98  uldiv.o(.text)
    __aeabi_memset                           0x080002ef   Thumb Code    14  memseta.o(.text)
    __aeabi_memset4                          0x080002ef   Thumb Code     0  memseta.o(.text)
    __aeabi_memset8                          0x080002ef   Thumb Code     0  memseta.o(.text)
    __aeabi_memclr                           0x080002fd   Thumb Code     4  memseta.o(.text)
    __aeabi_memclr4                          0x080002fd   Thumb Code     0  memseta.o(.text)
    __aeabi_memclr8                          0x080002fd   Thumb Code     0  memseta.o(.text)
    _memset$wrapper                          0x08000301   Thumb Code    18  memseta.o(.text)
    __aeabi_llsl                             0x08000313   Thumb Code    30  llshl.o(.text)
    _ll_shift_l                              0x08000313   Thumb Code     0  llshl.o(.text)
    __aeabi_llsr                             0x08000331   Thumb Code    32  llushr.o(.text)
    _ll_ushift_r                             0x08000331   Thumb Code     0  llushr.o(.text)
    __scatterload                            0x08000351   Thumb Code    28  init.o(.text)
    __scatterload_rt2                        0x08000351   Thumb Code     0  init.o(.text)
    BusFault_Handler                         0x08000375   Thumb Code     4  stm32f4xx_it.o(i.BusFault_Handler)
    DMA1_Stream0_IRQHandler                  0x08000379   Thumb Code    10  stm32f4xx_it.o(i.DMA1_Stream0_IRQHandler)
    DMA1_Stream6_IRQHandler                  0x08000389   Thumb Code    10  stm32f4xx_it.o(i.DMA1_Stream6_IRQHandler)
    DMA2_Stream1_IRQHandler                  0x08000399   Thumb Code    10  stm32f4xx_it.o(i.DMA2_Stream1_IRQHandler)
    DMA2_Stream2_IRQHandler                  0x080003a9   Thumb Code    10  stm32f4xx_it.o(i.DMA2_Stream2_IRQHandler)
    DMA2_Stream6_IRQHandler                  0x080003b9   Thumb Code    10  stm32f4xx_it.o(i.DMA2_Stream6_IRQHandler)
    DMA2_Stream7_IRQHandler                  0x080003c9   Thumb Code    10  stm32f4xx_it.o(i.DMA2_Stream7_IRQHandler)
    DebugMon_Handler                         0x080004b7   Thumb Code     2  stm32f4xx_it.o(i.DebugMon_Handler)
    Error_Handler                            0x080004b9   Thumb Code     2  main.o(i.Error_Handler)
    HAL_DMA_IRQHandler                       0x080004bd   Thumb Code   570  stm32f4xx_hal_dma.o(i.HAL_DMA_IRQHandler)
    HAL_DMA_Init                             0x080006fd   Thumb Code   232  stm32f4xx_hal_dma.o(i.HAL_DMA_Init)
    HAL_GPIO_Init                            0x080007e9   Thumb Code   436  stm32f4xx_hal_gpio.o(i.HAL_GPIO_Init)
    HAL_GPIO_TogglePin                       0x080009bd   Thumb Code     8  stm32f4xx_hal_gpio.o(i.HAL_GPIO_TogglePin)
    HAL_GPIO_WritePin                        0x080009c5   Thumb Code    12  stm32f4xx_hal_gpio.o(i.HAL_GPIO_WritePin)
    HAL_GetTick                              0x080009d1   Thumb Code     6  stm32f4xx_hal.o(i.HAL_GetTick)
    HAL_I2CEx_ConfigAnalogFilter             0x080009dd   Thumb Code    76  stm32f4xx_hal_i2c_ex.o(i.HAL_I2CEx_ConfigAnalogFilter)
    HAL_I2C_Init                             0x08000a29   Thumb Code   286  stm32f4xx_hal_i2c.o(i.HAL_I2C_Init)
    HAL_I2C_IsDeviceReady                    0x08000b51   Thumb Code   426  stm32f4xx_hal_i2c.o(i.HAL_I2C_IsDeviceReady)
    HAL_I2C_Master_Receive                   0x08000d05   Thumb Code   796  stm32f4xx_hal_i2c.o(i.HAL_I2C_Master_Receive)
    HAL_I2C_Master_Transmit                  0x0800102d   Thumb Code   396  stm32f4xx_hal_i2c.o(i.HAL_I2C_Master_Transmit)
    HAL_I2C_MspInit                          0x080011c1   Thumb Code   240  stm32f4xx_hal_msp.o(i.HAL_I2C_MspInit)
    HAL_IncTick                              0x080012c9   Thumb Code    16  stm32f4xx_hal.o(i.HAL_IncTick)
    HAL_Init                                 0x080012e1   Thumb Code    54  stm32f4xx_hal.o(i.HAL_Init)
    HAL_InitTick                             0x0800131d   Thumb Code   122  stm32f4xx_hal_timebase_tim.o(i.HAL_InitTick)
    HAL_MspInit                              0x080013a9   Thumb Code    86  stm32f4xx_hal_msp.o(i.HAL_MspInit)
    HAL_NVIC_EnableIRQ                       0x08001411   Thumb Code    26  stm32f4xx_hal_cortex.o(i.HAL_NVIC_EnableIRQ)
    HAL_NVIC_SetPriority                     0x0800142b   Thumb Code   124  stm32f4xx_hal_cortex.o(i.HAL_NVIC_SetPriority)
    HAL_NVIC_SetPriorityGrouping             0x080014a9   Thumb Code    32  stm32f4xx_hal_cortex.o(i.HAL_NVIC_SetPriorityGrouping)
    HAL_RCC_CSSCallback                      0x080014d1   Thumb Code     2  stm32f4xx_hal_rcc.o(i.HAL_RCC_CSSCallback)
    HAL_RCC_ClockConfig                      0x080014d5   Thumb Code   366  stm32f4xx_hal_rcc.o(i.HAL_RCC_ClockConfig)
    HAL_RCC_EnableCSS                        0x08001655   Thumb Code     8  stm32f4xx_hal_rcc.o(i.HAL_RCC_EnableCSS)
    HAL_RCC_GetClockConfig                   0x08001661   Thumb Code    58  stm32f4xx_hal_rcc.o(i.HAL_RCC_GetClockConfig)
    HAL_RCC_GetHCLKFreq                      0x080016a5   Thumb Code     6  stm32f4xx_hal_rcc.o(i.HAL_RCC_GetHCLKFreq)
    HAL_RCC_GetPCLK1Freq                     0x080016b1   Thumb Code    22  stm32f4xx_hal_rcc.o(i.HAL_RCC_GetPCLK1Freq)
    HAL_RCC_GetPCLK2Freq                     0x080016d1   Thumb Code    22  stm32f4xx_hal_rcc.o(i.HAL_RCC_GetPCLK2Freq)
    HAL_RCC_GetSysClockFreq                  0x080016f1   Thumb Code   162  stm32f4xx_hal_rcc.o(i.HAL_RCC_GetSysClockFreq)
    HAL_RCC_NMI_IRQHandler                   0x080017a1   Thumb Code    28  stm32f4xx_hal_rcc.o(i.HAL_RCC_NMI_IRQHandler)
    HAL_RCC_OscConfig                        0x080017c1   Thumb Code  1086  stm32f4xx_hal_rcc.o(i.HAL_RCC_OscConfig)
    HAL_SYSTICK_Callback                     0x08001c09   Thumb Code     2  stm32f4xx_hal_cortex.o(i.HAL_SYSTICK_Callback)
    HAL_SYSTICK_IRQHandler                   0x08001c0b   Thumb Code     8  stm32f4xx_hal_cortex.o(i.HAL_SYSTICK_IRQHandler)
    HAL_TIMEx_BreakCallback                  0x08001c13   Thumb Code     2  stm32f4xx_hal_tim_ex.o(i.HAL_TIMEx_BreakCallback)
    HAL_TIMEx_CommutationCallback            0x08001c15   Thumb Code     2  stm32f4xx_hal_tim_ex.o(i.HAL_TIMEx_CommutationCallback)
    HAL_TIMEx_MasterConfigSynchronization    0x08001c17   Thumb Code    98  stm32f4xx_hal_tim_ex.o(i.HAL_TIMEx_MasterConfigSynchronization)
    HAL_TIM_Base_Init                        0x08001c79   Thumb Code    52  stm32f4xx_hal_tim.o(i.HAL_TIM_Base_Init)
    HAL_TIM_Base_MspInit                     0x08001cad   Thumb Code     2  stm32f4xx_hal_tim.o(i.HAL_TIM_Base_MspInit)
    HAL_TIM_Base_Start_IT                    0x08001caf   Thumb Code    30  stm32f4xx_hal_tim.o(i.HAL_TIM_Base_Start_IT)
    HAL_TIM_IC_CaptureCallback               0x08001ccd   Thumb Code     2  stm32f4xx_hal_tim.o(i.HAL_TIM_IC_CaptureCallback)
    HAL_TIM_IRQHandler                       0x08001ccf   Thumb Code   406  stm32f4xx_hal_tim.o(i.HAL_TIM_IRQHandler)
    HAL_TIM_MspPostInit                      0x08001e65   Thumb Code   146  stm32f4xx_hal_msp.o(i.HAL_TIM_MspPostInit)
    HAL_TIM_OC_DelayElapsedCallback          0x08001f05   Thumb Code     2  stm32f4xx_hal_tim.o(i.HAL_TIM_OC_DelayElapsedCallback)
    HAL_TIM_PWM_ConfigChannel                0x08001f07   Thumb Code   264  stm32f4xx_hal_tim.o(i.HAL_TIM_PWM_ConfigChannel)
    HAL_TIM_PWM_Init                         0x0800200f   Thumb Code    52  stm32f4xx_hal_tim.o(i.HAL_TIM_PWM_Init)
    HAL_TIM_PWM_MspInit                      0x08002045   Thumb Code    44  stm32f4xx_hal_msp.o(i.HAL_TIM_PWM_MspInit)
    HAL_TIM_PWM_PulseFinishedCallback        0x08002075   Thumb Code     2  stm32f4xx_hal_tim.o(i.HAL_TIM_PWM_PulseFinishedCallback)
    HAL_TIM_PeriodElapsedCallback            0x08002077   Thumb Code     2  stm32f4xx_hal_tim.o(i.HAL_TIM_PeriodElapsedCallback)
    HAL_TIM_TriggerCallback                  0x08002079   Thumb Code     2  stm32f4xx_hal_tim.o(i.HAL_TIM_TriggerCallback)
    HAL_UART_Init                            0x0800207b   Thumb Code   114  stm32f4xx_hal_uart.o(i.HAL_UART_Init)
    HAL_UART_MspInit                         0x080020ed   Thumb Code   468  stm32f4xx_hal_msp.o(i.HAL_UART_MspInit)
    HAL_UART_Transmit                        0x080022e9   Thumb Code   214  stm32f4xx_hal_uart.o(i.HAL_UART_Transmit)
    HardFault_Handler                        0x080023bf   Thumb Code     4  stm32f4xx_it.o(i.HardFault_Handler)
    MPU6050_Init                             0x0800282b   Thumb Code   186  mpu6050.o(i.MPU6050_Init)
    MPU6050_SetAccelerometer                 0x080028e5   Thumb Code   174  mpu6050.o(i.MPU6050_SetAccelerometer)
    MPU6050_SetDataRate                      0x080029a5   Thumb Code    54  mpu6050.o(i.MPU6050_SetDataRate)
    MPU6050_SetGyroscope                     0x080029dd   Thumb Code   174  mpu6050.o(i.MPU6050_SetGyroscope)
    MemManage_Handler                        0x08002d5d   Thumb Code     4  stm32f4xx_it.o(i.MemManage_Handler)
    NMI_Handler                              0x08002d61   Thumb Code     8  stm32f4xx_it.o(i.NMI_Handler)
    SysTick_Handler                          0x08002da1   Thumb Code    46  port.o(i.SysTick_Handler)
    SystemClock_Config                       0x08002dd5   Thumb Code   176  main.o(i.SystemClock_Config)
    SystemInit                               0x08002e8d   Thumb Code    82  system_stm32f4xx.o(i.SystemInit)
    TIM1_UP_TIM10_IRQHandler                 0x08002ef1   Thumb Code    18  stm32f4xx_it.o(i.TIM1_UP_TIM10_IRQHandler)
    TIM_Base_SetConfig                       0x08002f09   Thumb Code   148  stm32f4xx_hal_tim.o(i.TIM_Base_SetConfig)
    TIM_OC2_SetConfig                        0x0800301d   Thumb Code   106  stm32f4xx_hal_tim.o(i.TIM_OC2_SetConfig)
    UsageFault_Handler                       0x08003525   Thumb Code     4  stm32f4xx_it.o(i.UsageFault_Handler)
    __0printf$bare                           0x08003529   Thumb Code     8  printfb.o(i.__0printf$bare)
    __1printf$bare                           0x08003529   Thumb Code     0  printfb.o(i.__0printf$bare)
    __2printf                                0x08003529   Thumb Code     0  printfb.o(i.__0printf$bare)
    __scatterload_copy                       0x08003539   Thumb Code    14  handlers.o(i.__scatterload_copy)
    __scatterload_null                       0x08003547   Thumb Code     2  handlers.o(i.__scatterload_null)
    __scatterload_zeroinit                   0x08003549   Thumb Code    14  handlers.o(i.__scatterload_zeroinit)
    fputc                                    0x08003579   Thumb Code    36  main.o(i.fputc)
    main                                     0x080035a5   Thumb Code   120  main.o(i.main)
    pvPortMalloc                             0x08003a01   Thumb Code   166  heap_2.o(i.pvPortMalloc)
    pxPortInitialiseStack                    0x08003ab9   Thumb Code    38  port.o(i.pxPortInitialiseStack)
    uxListRemove                             0x08003ae5   Thumb Code    40  list.o(i.uxListRemove)
    vListInitialise                          0x08003b45   Thumb Code    26  list.o(i.vListInitialise)
    vListInitialiseItem                      0x08003b5f   Thumb Code     6  list.o(i.vListInitialiseItem)
    vListInsert                              0x08003b65   Thumb Code    52  list.o(i.vListInsert)
    vListInsertEnd                           0x08003b99   Thumb Code    24  list.o(i.vListInsertEnd)
    vPortEnterCritical                       0x08003bb1   Thumb Code    76  port.o(i.vPortEnterCritical)
    vPortExitCritical                        0x08003c05   Thumb Code    56  port.o(i.vPortExitCritical)
    vPortFree                                0x08003c41   Thumb Code    56  heap_2.o(i.vPortFree)
    vPortSetupTimerInterrupt                 0x08003c81   Thumb Code    36  port.o(i.vPortSetupTimerInterrupt)
    vTaskDelay                               0x08003cdd   Thumb Code    82  tasks.o(i.vTaskDelay)
    vTaskStartScheduler                      0x08003d39   Thumb Code   108  tasks.o(i.vTaskStartScheduler)
    vTaskSuspendAll                          0x08003dc1   Thumb Code    12  tasks.o(i.vTaskSuspendAll)
    vTaskSwitchContext                       0x08003dd1   Thumb Code   118  tasks.o(i.vTaskSwitchContext)
    xPortStartScheduler                      0x08003e5d   Thumb Code   330  port.o(i.xPortStartScheduler)
    xTaskCreate                              0x08003fc5   Thumb Code    96  tasks.o(i.xTaskCreate)
    xTaskIncrementTick                       0x08004025   Thumb Code   282  tasks.o(i.xTaskIncrementTick)
    xTaskResumeAll                           0x0800416d   Thumb Code   224  tasks.o(i.xTaskResumeAll)
    AHBPrescTable                            0x08004278   Data          16  system_stm32f4xx.o(.constdata)
    APBPrescTable                            0x08004288   Data           8  system_stm32f4xx.o(.constdata)
    Region$$Table$$Base                      0x08004290   Number         0  anon$$obj.o(Region$$Table)
    Region$$Table$$Limit                     0x080042b0   Number         0  anon$$obj.o(Region$$Table)
    pxCurrentTCB                             0x20000000   Data           4  tasks.o(.data)
    uwTick                                   0x20000060   Data           4  stm32f4xx_hal.o(.data)
    uwTickPrio                               0x20000064   Data           4  stm32f4xx_hal.o(.data)
    uwTickFreq                               0x20000068   Data           1  stm32f4xx_hal.o(.data)
    SystemCoreClock                          0x2000006c   Data           4  system_stm32f4xx.o(.data)
    __stdout                                 0x20000070   Data           4  stdout.o(.data)
    huart1                                   0x2000f218   Data          64  main.o(.bss)
    huart6                                   0x2000f258   Data          64  main.o(.bss)
    hi2c1                                    0x2000f298   Data          84  main.o(.bss)
    hdma_usart1_rx                           0x2000f2ec   Data          96  main.o(.bss)
    hdma_usart1_tx                           0x2000f34c   Data          96  main.o(.bss)
    hdma_usart6_tx                           0x2000f3ac   Data          96  main.o(.bss)
    hdma_usart6_rx                           0x2000f40c   Data          96  main.o(.bss)
    hdma_i2c1_rx                             0x2000f46c   Data          96  main.o(.bss)
    hdma_i2c1_tx                             0x2000f4cc   Data          96  main.o(.bss)
    htim2                                    0x2000f52c   Data          60  main.o(.bss)
    mpu1                                     0x2000f568   Data          28  main.o(.bss)
    htim1                                    0x2000f584   Data          60  stm32f4xx_hal_timebase_tim.o(.bss)
    __initial_sp                             0x2000f9c0   Data           0  startup_stm32f401xc.o(STACK)



==============================================================================

Memory Map of the image

  Image Entry point : 0x08000195

  Load Region LR_IROM1 (Base: 0x08000000, Size: 0x00004324, Max: 0x00020000, ABSOLUTE)

    Execution Region ER_IROM1 (Exec base: 0x08000000, Load base: 0x08000000, Size: 0x000042b0, Max: 0x00020000, ABSOLUTE)

    Exec Addr    Load Addr    Size         Type   Attr      Idx    E Section Name        Object

    0x08000000   0x08000000   0x00000194   Data   RO            3    RESET               startup_stm32f401xc.o
    0x08000194   0x08000194   0x00000000   Code   RO         4101  * .ARM.Collect$$$$00000000  mc_w.l(entry.o)
    0x08000194   0x08000194   0x00000004   Code   RO         4372    .ARM.Collect$$$$00000001  mc_w.l(entry2.o)
    0x08000198   0x08000198   0x00000004   Code   RO         4375    .ARM.Collect$$$$00000004  mc_w.l(entry5.o)
    0x0800019c   0x0800019c   0x00000000   Code   RO         4377    .ARM.Collect$$$$00000008  mc_w.l(entry7b.o)
    0x0800019c   0x0800019c   0x00000000   Code   RO         4379    .ARM.Collect$$$$0000000A  mc_w.l(entry8b.o)
    0x0800019c   0x0800019c   0x00000008   Code   RO         4380    .ARM.Collect$$$$0000000B  mc_w.l(entry9a.o)
    0x080001a4   0x080001a4   0x00000000   Code   RO         4382    .ARM.Collect$$$$0000000D  mc_w.l(entry10a.o)
    0x080001a4   0x080001a4   0x00000000   Code   RO         4384    .ARM.Collect$$$$0000000F  mc_w.l(entry11a.o)
    0x080001a4   0x080001a4   0x00000004   Code   RO         4373    .ARM.Collect$$$$00002712  mc_w.l(entry2.o)
    0x080001a8   0x080001a8   0x000000be   Code   RO          505    .emb_text           port.o
    0x08000266   0x08000266   0x00000002   PAD
    0x08000268   0x08000268   0x00000024   Code   RO            4    .text               startup_stm32f401xc.o
    0x0800028c   0x0800028c   0x00000062   Code   RO         4104    .text               mc_w.l(uldiv.o)
    0x080002ee   0x080002ee   0x00000024   Code   RO         4108    .text               mc_w.l(memseta.o)
    0x08000312   0x08000312   0x0000001e   Code   RO         4389    .text               mc_w.l(llshl.o)
    0x08000330   0x08000330   0x00000020   Code   RO         4391    .text               mc_w.l(llushr.o)
    0x08000350   0x08000350   0x00000024   Code   RO         4404    .text               mc_w.l(init.o)
    0x08000374   0x08000374   0x00000004   Code   RO          855    i.BusFault_Handler  stm32f4xx_it.o
    0x08000378   0x08000378   0x00000010   Code   RO          856    i.DMA1_Stream0_IRQHandler  stm32f4xx_it.o
    0x08000388   0x08000388   0x00000010   Code   RO          857    i.DMA1_Stream6_IRQHandler  stm32f4xx_it.o
    0x08000398   0x08000398   0x00000010   Code   RO          858    i.DMA2_Stream1_IRQHandler  stm32f4xx_it.o
    0x080003a8   0x080003a8   0x00000010   Code   RO          859    i.DMA2_Stream2_IRQHandler  stm32f4xx_it.o
    0x080003b8   0x080003b8   0x00000010   Code   RO          860    i.DMA2_Stream6_IRQHandler  stm32f4xx_it.o
    0x080003c8   0x080003c8   0x00000010   Code   RO          861    i.DMA2_Stream7_IRQHandler  stm32f4xx_it.o
    0x080003d8   0x080003d8   0x00000034   Code   RO         2571    i.DMA_CalcBaseAndBitshift  stm32f4xx_hal_dma.o
    0x0800040c   0x0800040c   0x000000aa   Code   RO         2572    i.DMA_CheckFifoParam  stm32f4xx_hal_dma.o
    0x080004b6   0x080004b6   0x00000002   Code   RO          862    i.DebugMon_Handler  stm32f4xx_it.o
    0x080004b8   0x080004b8   0x00000002   Code   RO          632    i.Error_Handler     main.o
    0x080004ba   0x080004ba   0x00000002   PAD
    0x080004bc   0x080004bc   0x00000240   Code   RO         2579    i.HAL_DMA_IRQHandler  stm32f4xx_hal_dma.o
    0x080006fc   0x080006fc   0x000000ec   Code   RO         2580    i.HAL_DMA_Init      stm32f4xx_hal_dma.o
    0x080007e8   0x080007e8   0x000001d4   Code   RO         2467    i.HAL_GPIO_Init     stm32f4xx_hal_gpio.o
    0x080009bc   0x080009bc   0x00000008   Code   RO         2470    i.HAL_GPIO_TogglePin  stm32f4xx_hal_gpio.o
    0x080009c4   0x080009c4   0x0000000c   Code   RO         2471    i.HAL_GPIO_WritePin  stm32f4xx_hal_gpio.o
    0x080009d0   0x080009d0   0x0000000c   Code   RO         3028    i.HAL_GetTick       stm32f4xx_hal.o
    0x080009dc   0x080009dc   0x0000004c   Code   RO         3950    i.HAL_I2CEx_ConfigAnalogFilter  stm32f4xx_hal_i2c_ex.o
    0x08000a28   0x08000a28   0x00000128   Code   RO         3528    i.HAL_I2C_Init      stm32f4xx_hal_i2c.o
    0x08000b50   0x08000b50   0x000001b4   Code   RO         3529    i.HAL_I2C_IsDeviceReady  stm32f4xx_hal_i2c.o
    0x08000d04   0x08000d04   0x00000328   Code   RO         3534    i.HAL_I2C_Master_Receive  stm32f4xx_hal_i2c.o
    0x0800102c   0x0800102c   0x00000194   Code   RO         3539    i.HAL_I2C_Master_Transmit  stm32f4xx_hal_i2c.o
    0x080011c0   0x080011c0   0x00000108   Code   RO         1048    i.HAL_I2C_MspInit   stm32f4xx_hal_msp.o
    0x080012c8   0x080012c8   0x00000018   Code   RO         3032    i.HAL_IncTick       stm32f4xx_hal.o
    0x080012e0   0x080012e0   0x0000003c   Code   RO         3033    i.HAL_Init          stm32f4xx_hal.o
    0x0800131c   0x0800131c   0x0000008c   Code   RO         1114    i.HAL_InitTick      stm32f4xx_hal_timebase_tim.o
    0x080013a8   0x080013a8   0x00000068   Code   RO         1049    i.HAL_MspInit       stm32f4xx_hal_msp.o
    0x08001410   0x08001410   0x0000001a   Code   RO         2880    i.HAL_NVIC_EnableIRQ  stm32f4xx_hal_cortex.o
    0x0800142a   0x0800142a   0x0000007c   Code   RO         2886    i.HAL_NVIC_SetPriority  stm32f4xx_hal_cortex.o
    0x080014a6   0x080014a6   0x00000002   PAD
    0x080014a8   0x080014a8   0x00000028   Code   RO         2887    i.HAL_NVIC_SetPriorityGrouping  stm32f4xx_hal_cortex.o
    0x080014d0   0x080014d0   0x00000002   Code   RO         2033    i.HAL_RCC_CSSCallback  stm32f4xx_hal_rcc.o
    0x080014d2   0x080014d2   0x00000002   PAD
    0x080014d4   0x080014d4   0x00000180   Code   RO         2034    i.HAL_RCC_ClockConfig  stm32f4xx_hal_rcc.o
    0x08001654   0x08001654   0x0000000c   Code   RO         2037    i.HAL_RCC_EnableCSS  stm32f4xx_hal_rcc.o
    0x08001660   0x08001660   0x00000044   Code   RO         2038    i.HAL_RCC_GetClockConfig  stm32f4xx_hal_rcc.o
    0x080016a4   0x080016a4   0x0000000c   Code   RO         2039    i.HAL_RCC_GetHCLKFreq  stm32f4xx_hal_rcc.o
    0x080016b0   0x080016b0   0x00000020   Code   RO         2041    i.HAL_RCC_GetPCLK1Freq  stm32f4xx_hal_rcc.o
    0x080016d0   0x080016d0   0x00000020   Code   RO         2042    i.HAL_RCC_GetPCLK2Freq  stm32f4xx_hal_rcc.o
    0x080016f0   0x080016f0   0x000000b0   Code   RO         2043    i.HAL_RCC_GetSysClockFreq  stm32f4xx_hal_rcc.o
    0x080017a0   0x080017a0   0x00000020   Code   RO         2045    i.HAL_RCC_NMI_IRQHandler  stm32f4xx_hal_rcc.o
    0x080017c0   0x080017c0   0x00000448   Code   RO         2046    i.HAL_RCC_OscConfig  stm32f4xx_hal_rcc.o
    0x08001c08   0x08001c08   0x00000002   Code   RO         2890    i.HAL_SYSTICK_Callback  stm32f4xx_hal_cortex.o
    0x08001c0a   0x08001c0a   0x00000008   Code   RO         2892    i.HAL_SYSTICK_IRQHandler  stm32f4xx_hal_cortex.o
    0x08001c12   0x08001c12   0x00000002   Code   RO         1794    i.HAL_TIMEx_BreakCallback  stm32f4xx_hal_tim_ex.o
    0x08001c14   0x08001c14   0x00000002   Code   RO         1795    i.HAL_TIMEx_CommutationCallback  stm32f4xx_hal_tim_ex.o
    0x08001c16   0x08001c16   0x00000062   Code   RO         1811    i.HAL_TIMEx_MasterConfigSynchronization  stm32f4xx_hal_tim_ex.o
    0x08001c78   0x08001c78   0x00000034   Code   RO         1155    i.HAL_TIM_Base_Init  stm32f4xx_hal_tim.o
    0x08001cac   0x08001cac   0x00000002   Code   RO         1157    i.HAL_TIM_Base_MspInit  stm32f4xx_hal_tim.o
    0x08001cae   0x08001cae   0x0000001e   Code   RO         1160    i.HAL_TIM_Base_Start_IT  stm32f4xx_hal_tim.o
    0x08001ccc   0x08001ccc   0x00000002   Code   RO         1184    i.HAL_TIM_IC_CaptureCallback  stm32f4xx_hal_tim.o
    0x08001cce   0x08001cce   0x00000196   Code   RO         1197    i.HAL_TIM_IRQHandler  stm32f4xx_hal_tim.o
    0x08001e64   0x08001e64   0x000000a0   Code   RO         1050    i.HAL_TIM_MspPostInit  stm32f4xx_hal_msp.o
    0x08001f04   0x08001f04   0x00000002   Code   RO         1200    i.HAL_TIM_OC_DelayElapsedCallback  stm32f4xx_hal_tim.o
    0x08001f06   0x08001f06   0x00000108   Code   RO         1221    i.HAL_TIM_PWM_ConfigChannel  stm32f4xx_hal_tim.o
    0x0800200e   0x0800200e   0x00000034   Code   RO         1224    i.HAL_TIM_PWM_Init  stm32f4xx_hal_tim.o
    0x08002042   0x08002042   0x00000002   PAD
    0x08002044   0x08002044   0x00000030   Code   RO         1052    i.HAL_TIM_PWM_MspInit  stm32f4xx_hal_msp.o
    0x08002074   0x08002074   0x00000002   Code   RO         1227    i.HAL_TIM_PWM_PulseFinishedCallback  stm32f4xx_hal_tim.o
    0x08002076   0x08002076   0x00000002   Code   RO         1234    i.HAL_TIM_PeriodElapsedCallback  stm32f4xx_hal_tim.o
    0x08002078   0x08002078   0x00000002   Code   RO         1238    i.HAL_TIM_TriggerCallback  stm32f4xx_hal_tim.o
    0x0800207a   0x0800207a   0x00000072   Code   RO         3211    i.HAL_UART_Init     stm32f4xx_hal_uart.o
    0x080020ec   0x080020ec   0x000001fc   Code   RO         1054    i.HAL_UART_MspInit  stm32f4xx_hal_msp.o
    0x080022e8   0x080022e8   0x000000d6   Code   RO         3219    i.HAL_UART_Transmit  stm32f4xx_hal_uart.o
    0x080023be   0x080023be   0x00000004   Code   RO          863    i.HardFault_Handler  stm32f4xx_it.o
    0x080023c2   0x080023c2   0x00000034   Code   RO         3566    i.I2C_IsAcknowledgeFailed  stm32f4xx_hal_i2c.o
    0x080023f6   0x080023f6   0x00000002   PAD
    0x080023f8   0x080023f8   0x00000130   Code   RO         3569    i.I2C_MasterRequestRead  stm32f4xx_hal_i2c.o
    0x08002528   0x08002528   0x000000c0   Code   RO         3570    i.I2C_MasterRequestWrite  stm32f4xx_hal_i2c.o
    0x080025e8   0x080025e8   0x00000056   Code   RO         3585    i.I2C_WaitOnBTFFlagUntilTimeout  stm32f4xx_hal_i2c.o
    0x0800263e   0x0800263e   0x0000007c   Code   RO         3586    i.I2C_WaitOnFlagUntilTimeout  stm32f4xx_hal_i2c.o
    0x080026ba   0x080026ba   0x000000ac   Code   RO         3587    i.I2C_WaitOnMasterAddressFlagUntilTimeout  stm32f4xx_hal_i2c.o
    0x08002766   0x08002766   0x0000006e   Code   RO         3588    i.I2C_WaitOnRXNEFlagUntilTimeout  stm32f4xx_hal_i2c.o
    0x080027d4   0x080027d4   0x00000056   Code   RO         3590    i.I2C_WaitOnTXEFlagUntilTimeout  stm32f4xx_hal_i2c.o
    0x0800282a   0x0800282a   0x000000ba   Code   RO         4019    i.MPU6050_Init      mpu6050.o
    0x080028e4   0x080028e4   0x000000c0   Code   RO         4025    i.MPU6050_SetAccelerometer  mpu6050.o
    0x080029a4   0x080029a4   0x00000036   Code   RO         4026    i.MPU6050_SetDataRate  mpu6050.o
    0x080029da   0x080029da   0x00000002   PAD
    0x080029dc   0x080029dc   0x000000c0   Code   RO         4027    i.MPU6050_SetGyroscope  mpu6050.o
    0x08002a9c   0x08002a9c   0x000000a8   Code   RO          633    i.MX_DMA_Init       main.o
    0x08002b44   0x08002b44   0x000000b8   Code   RO          634    i.MX_GPIO_Init      main.o
    0x08002bfc   0x08002bfc   0x00000044   Code   RO          635    i.MX_I2C1_Init      main.o
    0x08002c40   0x08002c40   0x000000ac   Code   RO          636    i.MX_TIM2_Init      main.o
    0x08002cec   0x08002cec   0x00000038   Code   RO          637    i.MX_USART1_UART_Init  main.o
    0x08002d24   0x08002d24   0x00000038   Code   RO          638    i.MX_USART6_UART_Init  main.o
    0x08002d5c   0x08002d5c   0x00000004   Code   RO          864    i.MemManage_Handler  stm32f4xx_it.o
    0x08002d60   0x08002d60   0x00000008   Code   RO          865    i.NMI_Handler       stm32f4xx_it.o
    0x08002d68   0x08002d68   0x00000010   Code   RO         2893    i.NVIC_GetPriorityGrouping  stm32f4xx_hal_cortex.o
    0x08002d78   0x08002d78   0x00000028   Code   RO         2894    i.NVIC_SetPriority  stm32f4xx_hal_cortex.o
    0x08002da0   0x08002da0   0x00000034   Code   RO          506    i.SysTick_Handler   port.o
    0x08002dd4   0x08002dd4   0x000000b8   Code   RO          639    i.SystemClock_Config  main.o
    0x08002e8c   0x08002e8c   0x00000064   Code   RO         3981    i.SystemInit        system_stm32f4xx.o
    0x08002ef0   0x08002ef0   0x00000018   Code   RO          866    i.TIM1_UP_TIM10_IRQHandler  stm32f4xx_it.o
    0x08002f08   0x08002f08   0x000000b0   Code   RO         1239    i.TIM_Base_SetConfig  stm32f4xx_hal_tim.o
    0x08002fb8   0x08002fb8   0x00000064   Code   RO         1248    i.TIM_OC1_SetConfig  stm32f4xx_hal_tim.o
    0x0800301c   0x0800301c   0x00000070   Code   RO         1249    i.TIM_OC2_SetConfig  stm32f4xx_hal_tim.o
    0x0800308c   0x0800308c   0x0000006c   Code   RO         1250    i.TIM_OC3_SetConfig  stm32f4xx_hal_tim.o
    0x080030f8   0x080030f8   0x00000058   Code   RO         1251    i.TIM_OC4_SetConfig  stm32f4xx_hal_tim.o
    0x08003150   0x08003150   0x00000368   Code   RO         3238    i.UART_SetConfig    stm32f4xx_hal_uart.o
    0x080034b8   0x080034b8   0x0000006c   Code   RO         3240    i.UART_WaitOnFlagUntilTimeout  stm32f4xx_hal_uart.o
    0x08003524   0x08003524   0x00000004   Code   RO          867    i.UsageFault_Handler  stm32f4xx_it.o
    0x08003528   0x08003528   0x00000010   Code   RO         4113    i.__0printf$bare    mc_w.l(printfb.o)
    0x08003538   0x08003538   0x0000000e   Code   RO         4412    i.__scatterload_copy  mc_w.l(handlers.o)
    0x08003546   0x08003546   0x00000002   Code   RO         4413    i.__scatterload_null  mc_w.l(handlers.o)
    0x08003548   0x08003548   0x0000000e   Code   RO         4414    i.__scatterload_zeroinit  mc_w.l(handlers.o)
    0x08003556   0x08003556   0x00000022   Code   RO         4120    i._printf_core      mc_w.l(printfb.o)
    0x08003578   0x08003578   0x0000002c   Code   RO          640    i.fputc             main.o
    0x080035a4   0x080035a4   0x000000bc   Code   RO          641    i.main              main.o
    0x08003660   0x08003660   0x00000098   Code   RO          232    i.prvAddCurrentTaskToDelayedList  tasks.o
    0x080036f8   0x080036f8   0x000000b4   Code   RO          233    i.prvAddNewTaskToReadyList  tasks.o
    0x080037ac   0x080037ac   0x00000048   Code   RO          234    i.prvCheckTasksWaitingTermination  tasks.o
    0x080037f4   0x080037f4   0x00000012   Code   RO          235    i.prvDeleteTCB      tasks.o
    0x08003806   0x08003806   0x00000002   PAD
    0x08003808   0x08003808   0x00000038   Code   RO          588    i.prvHeapInit       heap_2.o
    0x08003840   0x08003840   0x00000028   Code   RO          236    i.prvIdleTask       tasks.o
    0x08003868   0x08003868   0x000000bc   Code   RO          237    i.prvInitialiseNewTask  tasks.o
    0x08003924   0x08003924   0x00000068   Code   RO          238    i.prvInitialiseTaskLists  tasks.o
    0x0800398c   0x0800398c   0x00000034   Code   RO          239    i.prvResetNextTaskUnblockTime  tasks.o
    0x080039c0   0x080039c0   0x00000040   Code   RO          507    i.prvTaskExitError  port.o
    0x08003a00   0x08003a00   0x000000b8   Code   RO          589    i.pvPortMalloc      heap_2.o
    0x08003ab8   0x08003ab8   0x0000002c   Code   RO          508    i.pxPortInitialiseStack  port.o
    0x08003ae4   0x08003ae4   0x00000028   Code   RO           10    i.uxListRemove      list.o
    0x08003b0c   0x08003b0c   0x0000001c   Code   RO          642    i.vBLU_LEDTask      main.o
    0x08003b28   0x08003b28   0x0000001c   Code   RO          643    i.vGRE_LEDTask      main.o
    0x08003b44   0x08003b44   0x0000001a   Code   RO           11    i.vListInitialise   list.o
    0x08003b5e   0x08003b5e   0x00000006   Code   RO           12    i.vListInitialiseItem  list.o
    0x08003b64   0x08003b64   0x00000034   Code   RO           13    i.vListInsert       list.o
    0x08003b98   0x08003b98   0x00000018   Code   RO           14    i.vListInsertEnd    list.o
    0x08003bb0   0x08003bb0   0x00000054   Code   RO          510    i.vPortEnterCritical  port.o
    0x08003c04   0x08003c04   0x0000003c   Code   RO          511    i.vPortExitCritical  port.o
    0x08003c40   0x08003c40   0x00000040   Code   RO          590    i.vPortFree         heap_2.o
    0x08003c80   0x08003c80   0x00000028   Code   RO          512    i.vPortSetupTimerInterrupt  port.o
    0x08003ca8   0x08003ca8   0x00000034   Code   RO          644    i.vRED_LEDTask      main.o
    0x08003cdc   0x08003cdc   0x0000005c   Code   RO          246    i.vTaskDelay        tasks.o
    0x08003d38   0x08003d38   0x00000088   Code   RO          259    i.vTaskStartScheduler  tasks.o
    0x08003dc0   0x08003dc0   0x00000010   Code   RO          261    i.vTaskSuspendAll   tasks.o
    0x08003dd0   0x08003dd0   0x0000008c   Code   RO          262    i.vTaskSwitchContext  tasks.o
    0x08003e5c   0x08003e5c   0x00000168   Code   RO          514    i.xPortStartScheduler  port.o
    0x08003fc4   0x08003fc4   0x00000060   Code   RO          264    i.xTaskCreate       tasks.o
    0x08004024   0x08004024   0x00000148   Code   RO          269    i.xTaskIncrementTick  tasks.o
    0x0800416c   0x0800416c   0x00000104   Code   RO          273    i.xTaskResumeAll    tasks.o
    0x08004270   0x08004270   0x00000008   Data   RO         2586    .constdata          stm32f4xx_hal_dma.o
    0x08004278   0x08004278   0x00000018   Data   RO         3982    .constdata          system_stm32f4xx.o
    0x08004290   0x08004290   0x00000020   Data   RO         4410    Region$$Table       anon$$obj.o


    Execution Region RW_IRAM1 (Exec base: 0x20000000, Load base: 0x080042b0, Size: 0x0000f9c0, Max: 0x00010000, ABSOLUTE)

    Exec Addr    Load Addr    Size         Type   Attr      Idx    E Section Name        Object

    0x20000000   0x080042b0   0x0000003c   Data   RW          276    .data               tasks.o
    0x2000003c   0x080042ec   0x0000000c   Data   RW          515    .data               port.o
    0x20000048   0x080042f8   0x00000018   Data   RW          594    .data               heap_2.o
    0x20000060   0x08004310   0x00000009   Data   RW         3040    .data               stm32f4xx_hal.o
    0x20000069   0x08004319   0x00000003   PAD
    0x2000006c   0x0800431c   0x00000004   Data   RW         3983    .data               system_stm32f4xx.o
    0x20000070   0x08004320   0x00000004   Data   RW         4386    .data               mc_w.l(stdout.o)
    0x20000074        -       0x000001a4   Zero   RW          275    .bss                tasks.o
    0x20000218        -       0x0000f000   Zero   RW          593    .bss                heap_2.o
    0x2000f218        -       0x0000036c   Zero   RW          645    .bss                main.o
    0x2000f584        -       0x0000003c   Zero   RW         1117    .bss                stm32f4xx_hal_timebase_tim.o
    0x2000f5c0        -       0x00000400   Zero   RW            1    STACK               startup_stm32f401xc.o


==============================================================================

Image component sizes


      Code (inc. data)   RO Data    RW Data    ZI Data      Debug   Object Name

       304         40          0         24      61440       3603   heap_2.o
       148          0          0          0          0      16458   list.o
      1230        172          0          0        876     414125   main.o
       624         36          0          0          0       6579   mpu6050.o
       894         78          0         12          0      10544   port.o
         0          0          0          0          0       5112   queue.o
        36          8        404          0       1024        836   startup_stm32f401xc.o
        96         20          0          9          0       3254   stm32f4xx_hal.o
       256         22          0          0          0      31258   stm32f4xx_hal_cortex.o
      1034         16          8          0          0       3904   stm32f4xx_hal_dma.o
       488         32          0          0          0       2909   stm32f4xx_hal_gpio.o
      3070         52          0          0          0      12522   stm32f4xx_hal_i2c.o
        76          0          0          0          0       1103   stm32f4xx_hal_i2c_ex.o
      1084        100          0          0          0       4389   stm32f4xx_hal_msp.o
      1846        102          0          0          0       7836   stm32f4xx_hal_rcc.o
      1400         48          0          0          0      11329   stm32f4xx_hal_tim.o
       102          0          0          0          0       2342   stm32f4xx_hal_tim_ex.o
       140         18          0          0         60       1451   stm32f4xx_hal_timebase_tim.o
      1308          8          0          0          0       3736   stm32f4xx_hal_uart.o
       146         42          0          0          0     415868   stm32f4xx_it.o
       100         18         24          4          0       1155   system_stm32f4xx.o
      1874        268          0         60        420      17309   tasks.o

    ----------------------------------------------------------------------
     16272       1080        468        112      63820     977622   Object Totals
         0          0         32          0          0          0   (incl. Generated)
        16          0          0          3          0          0   (incl. Padding)

    ----------------------------------------------------------------------

      Code (inc. data)   RO Data    RW Data    ZI Data      Debug   Library Member Name

         0          0          0          0          0          0   entry.o
         0          0          0          0          0          0   entry10a.o
         0          0          0          0          0          0   entry11a.o
         8          4          0          0          0          0   entry2.o
         4          0          0          0          0          0   entry5.o
         0          0          0          0          0          0   entry7b.o
         0          0          0          0          0          0   entry8b.o
         8          4          0          0          0          0   entry9a.o
        30          0          0          0          0          0   handlers.o
        36          8          0          0          0         68   init.o
        30          0          0          0          0         68   llshl.o
        32          0          0          0          0         68   llushr.o
        36          0          0          0          0        108   memseta.o
        50          8          0          0          0        152   printfb.o
         0          0          0          4          0          0   stdout.o
        98          0          0          0          0         92   uldiv.o

    ----------------------------------------------------------------------
       332         24          0          4          0        556   Library Totals
         0          0          0          0          0          0   (incl. Padding)

    ----------------------------------------------------------------------

      Code (inc. data)   RO Data    RW Data    ZI Data      Debug   Library Name

       332         24          0          4          0        556   mc_w.l

    ----------------------------------------------------------------------
       332         24          0          4          0        556   Library Totals

    ----------------------------------------------------------------------

==============================================================================


      Code (inc. data)   RO Data    RW Data    ZI Data      Debug   

     16604       1104        468        116      63820     965674   Grand Totals
     16604       1104        468        116      63820     965674   ELF Image Totals
     16604       1104        468        116          0          0   ROM Totals

==============================================================================

    Total RO  Size (Code + RO Data)                17072 (  16.67kB)
    Total RW  Size (RW Data + ZI Data)             63936 (  62.44kB)
    Total ROM Size (Code + RO Data + RW Data)      17188 (  16.79kB)

==============================================================================

